Microchip MPLAB XC8 Compiler V1.33 ()

Linker command line:

--edf=C:\Program Files (x86)\Microchip\xc8\v1.33\dat\en_msgs.txt -cs \
  -h+dist/default/production\SLAVE3STR.X.production.sym \
  --cmf=dist/default/production\SLAVE3STR.X.production.cmf -z -Q16F886 \
  -oC:\Users\Abhi\AppData\Local\Temp\s6gc.6 \
  -Mdist/default/production/SLAVE3STR.X.production.map -E1 -ver=XC8 \
  -ASTACK=0110h-016fh -pstack=STACK -ACONST=00h-0FFhx32 -ACODE=00h-07FFhx4 \
  -ASTRCODE=00h-01FFFh -AENTRY=00h-0FFhx32 -ASTRING=00h-0FFhx32 \
  -ACOMMON=070h-07Fh -ABANK0=020h-06Fh -ABANK1=0A0h-0EFh \
  -ABANK2=0110h-016Fh -ABANK3=0190h-01EFh \
  -ARAM=020h-06Fh,0A0h-0EFh,0110h-016Fh,0190h-01EFh \
  -AABS1=020h-07Fh,0A0h-0EFh,0110h-016Fh,0190h-01EFh -ASFR0=00h-01Fh \
  -ASFR1=080h-09Fh -ASFR2=0100h-010Fh -ASFR3=0180h-018Fh \
  -preset_vec=00h,intentry,init,end_init -ppowerup=CODE -pcinit=CODE \
  -pfunctab=CODE -ACONFIG=02007h-02008h -pconfig=CONFIG -DCONFIG=2 \
  -AIDLOC=02000h-02003h -pidloc=IDLOC -DIDLOC=2 -AEEDATA=00h-0FFh/02100h \
  -peeprom_data=EEDATA -DEEDATA=2 -DCODE=2 -DSTRCODE=2 -DSTRING=2 -DCONST=2 \
  -DENTRY=2 -k C:\Users\Abhi\AppData\Local\Temp\s6gc.obj \
  dist/default/production\SLAVE3STR.X.production.obj 

Object code version is 3.11

Machine type is 16F886



                Name                               Link     Load   Length Selector   Space Scale
C:\Users\Abhi\AppData\Local\Temp\s6gc.obj
                end_init                              0        0        3        0       0
                config                             2007     2007        2     400E       0
dist/default/production\SLAVE3STR.X.production.obj
                cinit                               7EF      7EF       11      FDE       0
                text10                              59C      59C       8F      B38       0
                text9                               6FE      6FE       F1      DFC       0
                text8                               4FF      4FF        E      9FE       0
                text7                               55F      55F       3D      ABE       0
                text6                               51B      51B        F      A36       0
                text5                               52A      52A       10      A54       0
                text4                               50D      50D        E      A1A       0
                text3                               54B      54B       14      A96       0
                text2                               53A      53A       11      A74       0
                text1                               4F2      4F2        5      9E4       0
                maintext                            62B      62B       D3      C56       0
                cstackBANK0                          20       20       1E       20       1
                cstackCOMMON                         70       70        E       70       1
                cstackBANK3                         190      190       59      190       1
                clrtext                             4F7      4F7        8      9EE       0
                dataBANK0                            54       54        1       20       1
                bssBANK0                             3E       3E       16       20       1
                stringtext                          800      800      149       10       0
                strings                               3        3       12        6       0
                idataBANK0                          4F1      4F1        1      9E2       0

TOTAL           Name                               Link     Load   Length     Space
        CLASS   STACK          

        CLASS   CONST          

        CLASS   CODE           
                end_init                              0        0        3         0
                cinit                               7EF      7EF       11         0
                text10                              59C      59C       8F         0
                text9                               6FE      6FE       F1         0
                text8                               4FF      4FF        E         0
                text7                               55F      55F       3D         0
                text6                               51B      51B        F         0
                text5                               52A      52A       10         0
                text4                               50D      50D        E         0
                text3                               54B      54B       14         0
                text2                               53A      53A       11         0
                text1                               4F2      4F2        5         0
                maintext                            62B      62B       D3         0
                clrtext                             4F7      4F7        8         0
                idataBANK0                          4F1      4F1        1         0

        CLASS   STRCODE        
                stringtext                          800      800      149         0

        CLASS   ENTRY          

        CLASS   STRING         
                strings                               3        3       12         0

        CLASS   COMMON         
                cstackCOMMON                         70       70        E         1

        CLASS   BANK0          
                cstackBANK0                          20       20       1E         1
                dataBANK0                            54       54        1         1
                bssBANK0                             3E       3E       16         1

        CLASS   BANK1          

        CLASS   BANK2          

        CLASS   BANK3          
                cstackBANK3                         190      190       59         1

        CLASS   RAM            

        CLASS   ABS1           
                abs_s1                               7E       7E        2         1

        CLASS   SFR0           

        CLASS   SFR1           

        CLASS   SFR2           

        CLASS   SFR3           

        CLASS   CONFIG         
                config                             2007     2007        2         0

        CLASS   IDLOC          

        CLASS   EEDATA         



SEGMENTS        Name                           Load    Length   Top    Selector   Space  Class     Delta

                reset_vec                      000000  000003  000003         0       0  CODE        2
                strings                        000003  000012  000015         6       0  STRING      2
                cstackBANK0                    000020  000035  000055        20       1  BANK0       1
                cstackCOMMON                   000070  00000E  00007E        70       1  COMMON      1
                cstackBANK3                    000190  000059  0001E9       190       1  BANK3       1
                idataBANK0                     0004F1  000001  0004F2       9E2       0  CODE        2
                text1                          0004F2  000005  0004F7       9E4       0  CODE        2
                clrtext                        0004F7  000008  0004FF       9EE       0  CODE        2
                text8                          0004FF  00000E  00050D       9FE       0  CODE        2
                text4                          00050D  00000E  00051B       A1A       0  CODE        2
                text6                          00051B  00000F  00052A       A36       0  CODE        2
                text5                          00052A  000010  00053A       A54       0  CODE        2
                text2                          00053A  000011  00054B       A74       0  CODE        2
                text3                          00054B  000014  00055F       A96       0  CODE        2
                text7                          00055F  00003D  00059C       ABE       0  CODE        2
                text10                         00059C  00008F  00062B       B38       0  CODE        2
                maintext                       00062B  0000D3  0006FE       C56       0  CODE        2
                text9                          0006FE  0000F1  0007EF       DFC       0  CODE        2
                cinit                          0007EF  000011  000800       FDE       0  CODE        2
                stringtext                     000800  000149  000949        10       0  STRCODE     2
                config                         002007  000002  002009      400E       0  CONFIG      2


UNUSED ADDRESS RANGES

        Name                Unused          Largest block    Delta
        BANK0            0055-006F             1B           1
        BANK1            00A0-00EF             50           1
        BANK2            0110-016F             60           1
        BANK3            01E9-01EF              7           1
        CODE             0015-04F0            4DC           2
                         0949-1FFF            800
        CONST            0015-04F0            100           2
                         0949-1FFF            100
        EEDATA           2100-21FF            100           2
        ENTRY            0015-04F0            100           2
                         0949-1FFF            100
        IDLOC            2000-2003              4           2
        RAM              0055-006F             1B           1
                         00A0-00EF             50
                         0110-016F             60
                         01E9-01EF              7
        SFR0             0000-001F             20           1
        SFR1             0080-009F             20           1
        SFR2             0100-010F             10           1
        SFR3             0180-018F             10           1
        STACK            0110-016F             60           1
        STRCODE          0015-04F0            4DC           2
                         0949-1FFF           16B7
        STRING           0015-04F0            100           2
                         0949-1FFF            100

                                  Symbol Table

?___aldiv                    cstackCOMMON 0070
UART_Init@baudrate           cstackBANK0  0026
UART_Init@x                  cstackCOMMON 0079
UART_Read_Text@string        bssBANK0     0040
UART_Write@data              cstackCOMMON 0070
UART_Write_Text@i            cstackCOMMON 0076
UART_Write_Text@text         cstackCOMMON 0071
_BRGH                        (abs)        04C2
_CREN                        (abs)        00C4
_OSCCONbits                  (abs)        008F
_PIR1bits                    (abs)        000C
_RCIF                        (abs)        0065
_RCREG                       (abs)        001A
_SPBRG                       (abs)        0099
_SPEN                        (abs)        00C7
_SSPADD                      (abs)        0093
_SSPBUF                      (abs)        0013
_SSPCON                      (abs)        0014
_SSPCONbits                  (abs)        0014
_SSPSTAT                     (abs)        0094
_SSPSTATbits                 (abs)        0094
_SYNC                        (abs)        04C4
_TRISCbits                   (abs)        0087
_TRMT                        (abs)        04C1
_TXEN                        (abs)        04C5
_TXIF                        (abs)        0064
_TXREG                       (abs)        0019
_UART_Init                   text9        06FE
_UART_Write                  text8        04FF
_UART_Write_Text             text7        055F
__CFG_BOR4V$BOR40V           (abs)        0000
__CFG_BOREN$ON               (abs)        0000
__CFG_CP$OFF                 (abs)        0000
__CFG_CPD$OFF                (abs)        0000
__CFG_FCMEN$OFF              (abs)        0000
__CFG_FOSC$INTRC_NOCLKOUT    (abs)        0000
__CFG_IESO$OFF               (abs)        0000
__CFG_LVP$OFF                (abs)        0000
__CFG_MCLRE$ON               (abs)        0000
__CFG_PWRTE$OFF              (abs)        0000
__CFG_WDTE$OFF               (abs)        0000
__CFG_WRT$OFF                (abs)        0000
__Habs1                      abs1         0000
__Hbank0                     bank0        0000
__Hbank1                     bank1        0000
__Hbank2                     bank2        0000
__Hbank3                     bank3        0000
__HbssBANK0                  bssBANK0     0000
__Hcinit                     cinit        0800
__Hclrtext                   clrtext      0000
__Hcode                      code         0000
__Hcommon                    common       0000
__Hconfig                    config       2009
__HcstackBANK0               cstackBANK0  0000
__HcstackBANK3               cstackBANK3  0000
__HcstackCOMMON              cstackCOMMON 0000
__HdataBANK0                 dataBANK0    0000
__Heeprom_data               eeprom_data  0000
__Hend_init                  end_init     0003
__Hfunctab                   functab      0000
__HidataBANK0                idataBANK0   0000
__Hidloc                     idloc        0000
__Hinit                      init         0000
__Hintentry                  intentry     0000
__Hmaintext                  maintext     0000
__Hpowerup                   powerup      0000
__Hram                       ram          0000
__Hreset_vec                 reset_vec    0000
__Hsfr0                      sfr0         0000
__Hsfr1                      sfr1         0000
__Hsfr2                      sfr2         0000
__Hsfr3                      sfr3         0000
__Hspace_0                   (abs)        2009
__Hspace_1                   (abs)        01E9
__Hspace_2                   (abs)        0000
__Hspace_3                   (abs)        0000
__Hstack                     stack        0000
__Hstrings                   strings      0000
__Hstringtext                stringtext   0000
__Htext                      text         0000
__Labs1                      abs1         0000
__Lbank0                     bank0        0000
__Lbank1                     bank1        0000
__Lbank2                     bank2        0000
__Lbank3                     bank3        0000
__LbssBANK0                  bssBANK0     0000
__Lcinit                     cinit        07EF
__Lclrtext                   clrtext      0000
__Lcode                      code         0000
__Lcommon                    common       0000
__Lconfig                    config       2007
__LcstackBANK0               cstackBANK0  0000
__LcstackBANK3               cstackBANK3  0000
__LcstackCOMMON              cstackCOMMON 0000
__LdataBANK0                 dataBANK0    0000
__Leeprom_data               eeprom_data  0000
__Lend_init                  end_init     0000
__Lfunctab                   functab      0000
__LidataBANK0                idataBANK0   0000
__Lidloc                     idloc        0000
__Linit                      init         0000
__Lintentry                  intentry     0000
__Lmaintext                  maintext     0000
__Lpowerup                   powerup      0000
__Lram                       ram          0000
__Lreset_vec                 reset_vec    0000
__Lsfr0                      sfr0         0000
__Lsfr1                      sfr1         0000
__Lsfr2                      sfr2         0000
__Lsfr3                      sfr3         0000
__Lspace_0                   (abs)        0000
__Lspace_1                   (abs)        0000
__Lspace_2                   (abs)        0000
__Lspace_3                   (abs)        0000
__Lstack                     stack        0000
__Lstrings                   strings      0000
__Lstringtext                stringtext   0000
__Ltext                      text         0000
__S0                         (abs)        2009
__S1                         (abs)        01E9
__S2                         (abs)        0000
__S3                         (abs)        0000
___aldiv                     text10       059C
___aldiv@counter             cstackBANK0  0020
___aldiv@dividend            cstackCOMMON 0074
___aldiv@divisor             cstackCOMMON 0070
___aldiv@quotient            cstackBANK0  0022
___aldiv@sign                cstackBANK0  0021
___int_sp                    stack        0000
___latbits                   (abs)        0002
___sp                        stack        0000
__end_of_UART_Init           text9        07EF
__end_of_UART_Write          text8        050D
__end_of_UART_Write_Text     text7        059C
__end_of___aldiv             text10       062B
__end_of__initialization     cinit        07FC
__end_of__stringdata         stringtext   0949
__end_of__stringtab          strings      0015
__end_of_delay1ms            text6        052A
__end_of_delay_ms            text5        053A
__end_of_i2c_address_detect  text4        051B
__end_of_i2c_data_detect     text3        055F
__end_of_i2c_slave_init      text2        054B
__end_of_i2c_start_detect    text1        04F7
__end_of_main                maintext     06FE
__initialization             cinit        07EF
__pbssBANK0                  bssBANK0     003E
__pcstackBANK0               cstackBANK0  0020
__pcstackBANK3               cstackBANK3  0190
__pcstackCOMMON              cstackCOMMON 0070
__pdataBANK0                 dataBANK0    0054
__pidataBANK0                idataBANK0   04F1
__pmaintext                  maintext     062B
__pstrings                   strings      0003
__pstringtext                stringtext   0800
__ptext1                     text1        04F2
__ptext10                    text10       059C
__ptext2                     text2        053A
__ptext3                     text3        054B
__ptext4                     text4        050D
__ptext5                     text5        052A
__ptext6                     text6        051B
__ptext7                     text7        055F
__ptext8                     text8        04FF
__ptext9                     text9        06FE
__size_of_UART_Init          (abs)        0000
__size_of_UART_Write         (abs)        0000
__size_of_UART_Write_Text    (abs)        0000
__size_of___aldiv            (abs)        0000
__size_of_delay1ms           (abs)        0000
__size_of_delay_ms           (abs)        0000
__size_of_i2c_address_detect (abs)        0000
__size_of_i2c_data_detect    (abs)        0000
__size_of_i2c_slave_init     (abs)        0000
__size_of_i2c_start_detect   (abs)        0000
__size_of_main               (abs)        0000
__stringbase                 strings      0015
__stringdata                 stringtext   0800
__stringtab                  strings      0003
_addr                        bssBANK0     003E
_delay1ms                    text6        051B
_delay_ms                    text5        052A
_i2c_address_detect          text4        050D
_i2c_data_detect             text3        054B
_i2c_slave_init              text2        053A
_i2c_start_detect            text1        04F2
_main                        maintext     062B
btemp                        (abs)        007E
clear_ram0                   clrtext      04F7
delay1ms@j                   cstackCOMMON 0070
delay_ms@i                   cstackCOMMON 0072
end_of_initialization        cinit        07FC
i2c_data_detect@datain       dataBANK0    0054
intlevel0                    functab      0000
intlevel1                    functab      0000
intlevel2                    functab      0000
intlevel3                    functab      0000
intlevel4                    functab      0000
intlevel5                    functab      0000
ltemp                        (abs)        007E
ltemp0                       (abs)        007E
ltemp1                       (abs)        0082
ltemp2                       (abs)        0086
ltemp3                       (abs)        0080
main@arr1                    cstackBANK3  01E4
main@arr2                    cstackBANK3  01E6
main@array                   cstackBANK3  0190
main@i                       cstackBANK3  01E8
main@main1                   cstackCOMMON 007C
main@main2                   cstackBANK0  0036
main@main3                   cstackBANK3  01E0
main@msg1                    cstackBANK3  01E2
main@t1                      cstackBANK0  0038
main@t2                      cstackBANK0  003A
main@t3                      cstackBANK0  003C
reset_vec                    reset_vec    0000
stackhi                      (abs)        0000
stacklo                      (abs)        0000
start                        init         0000
start_initialization         cinit        07EF
ttemp                        (abs)        007E
ttemp0                       (abs)        007E
ttemp1                       (abs)        0081
ttemp2                       (abs)        0084
ttemp3                       (abs)        0087
ttemp4                       (abs)        007F
wtemp                        (abs)        007E
wtemp0                       (abs)        007E
wtemp1                       (abs)        0080
wtemp2                       (abs)        0082
wtemp3                       (abs)        0084
wtemp4                       (abs)        0086
wtemp5                       (abs)        0088
wtemp6                       (abs)        007F


FUNCTION INFORMATION:

 *************** function _main *****************
 Defined at:
		line 50 in file "slavestr3.c"
 Parameters:    Size  Location     Type
		None
 Auto vars:     Size  Location     Type
  array          80    0[BANK3 ] unsigned char [80]
  arr2            2   86[BANK3 ] PTR const unsigned char 
		 -> STR_9(27), 
  arr1            2   84[BANK3 ] PTR const unsigned char 
		 -> STR_8(21), 
  msg1            2   82[BANK3 ] PTR const unsigned char 
		 -> STR_4(23), 
  main3           2   80[BANK3 ] PTR const unsigned char 
		 -> STR_3(46), 
  t3              2   28[BANK0 ] PTR const unsigned char 
		 -> STR_7(21), 
  t2              2   26[BANK0 ] PTR const unsigned char 
		 -> STR_6(22), 
  t1              2   24[BANK0 ] PTR const unsigned char 
		 -> STR_5(18), 
  main2           2   22[BANK0 ] PTR const unsigned char 
		 -> STR_2(46), 
  main1           2   12[COMMON] PTR const unsigned char 
		 -> STR_1(46), 
  i               1   88[BANK3 ] unsigned char 
 Return value:  Size  Location     Type
		None               void
 Registers used:
		wreg, fsr0l, fsr0h, status,2, status,0, btemp+1, pclath, cstack
 Tracked objects:
		On entry : 
		On exit  : 
		Unchanged: 
 Data sizes:     COMMON   BANK0   BANK1   BANK3   BANK2
      Params:         0       0       0       0       0
      Locals:         2       8       0      89       0
      Temps:          1       0       0       0       0
      Totals:         3       8       0      89       0
Total ram usage:      100 bytes
 Hardware stack levels required when called:    2
 This function calls:
		_UART_Init
		_UART_Write
		_UART_Write_Text
		_delay_ms
		_i2c_address_detect
		_i2c_data_detect
		_i2c_slave_init
		_i2c_start_detect
 This function is called by:
		Startup code after reset
 This function uses a non-reentrant model


 *************** function _i2c_start_detect *****************
 Defined at:
		line 155 in file "slavestr3.c"
 Parameters:    Size  Location     Type
		None
 Auto vars:     Size  Location     Type
		None
 Return value:  Size  Location     Type
		None               void
 Registers used:
		None
 Tracked objects:
		On entry : 
		On exit  : 
		Unchanged: 
 Data sizes:     COMMON   BANK0   BANK1   BANK3   BANK2
      Params:         0       0       0       0       0
      Locals:         0       0       0       0       0
      Temps:          0       0       0       0       0
      Totals:         0       0       0       0       0
Total ram usage:        0 bytes
 Hardware stack levels used:    1
 This function calls:
		Nothing
 This function is called by:
		_main
 This function uses a non-reentrant model


 *************** function _i2c_slave_init *****************
 Defined at:
		line 143 in file "slavestr3.c"
 Parameters:    Size  Location     Type
		None
 Auto vars:     Size  Location     Type
		None
 Return value:  Size  Location     Type
		None               void
 Registers used:
		wreg, status,2
 Tracked objects:
		On entry : 
		On exit  : 
		Unchanged: 
 Data sizes:     COMMON   BANK0   BANK1   BANK3   BANK2
      Params:         0       0       0       0       0
      Locals:         0       0       0       0       0
      Temps:          0       0       0       0       0
      Totals:         0       0       0       0       0
Total ram usage:        0 bytes
 Hardware stack levels used:    1
 This function calls:
		Nothing
 This function is called by:
		_main
 This function uses a non-reentrant model


 *************** function _i2c_data_detect *****************
 Defined at:
		line 183 in file "slavestr3.c"
 Parameters:    Size  Location     Type
		None
 Auto vars:     Size  Location     Type
		None
 Return value:  Size  Location     Type
                  1    wreg      unsigned char 
 Registers used:
		wreg
 Tracked objects:
		On entry : 
		On exit  : 
		Unchanged: 
 Data sizes:     COMMON   BANK0   BANK1   BANK3   BANK2
      Params:         0       0       0       0       0
      Locals:         0       0       0       0       0
      Temps:          1       0       0       0       0
      Totals:         1       0       0       0       0
Total ram usage:        1 bytes
 Hardware stack levels used:    1
 This function calls:
		Nothing
 This function is called by:
		_main
 This function uses a non-reentrant model


 *************** function _i2c_address_detect *****************
 Defined at:
		line 164 in file "slavestr3.c"
 Parameters:    Size  Location     Type
		None
 Auto vars:     Size  Location     Type
		None
 Return value:  Size  Location     Type
		None               void
 Registers used:
		wreg
 Tracked objects:
		On entry : 
		On exit  : 
		Unchanged: 
 Data sizes:     COMMON   BANK0   BANK1   BANK3   BANK2
      Params:         0       0       0       0       0
      Locals:         0       0       0       0       0
      Temps:          1       0       0       0       0
      Totals:         1       0       0       0       0
Total ram usage:        1 bytes
 Hardware stack levels used:    1
 This function calls:
		Nothing
 This function is called by:
		_main
 This function uses a non-reentrant model


 *************** function _delay_ms *****************
 Defined at:
		line 312 in file "slavestr3.c"
 Parameters:    Size  Location     Type
  i               2    2[COMMON] unsigned int 
 Auto vars:     Size  Location     Type
		None
 Return value:  Size  Location     Type
		None               void
 Registers used:
		wreg, status,2, status,0, pclath, cstack
 Tracked objects:
		On entry : 
		On exit  : 
		Unchanged: 
 Data sizes:     COMMON   BANK0   BANK1   BANK3   BANK2
      Params:         2       0       0       0       0
      Locals:         0       0       0       0       0
      Temps:          0       0       0       0       0
      Totals:         2       0       0       0       0
Total ram usage:        2 bytes
 Hardware stack levels used:    1
 Hardware stack levels required when called:    1
 This function calls:
		_delay1ms
 This function is called by:
		_main
 This function uses a non-reentrant model


 *************** function _delay1ms *****************
 Defined at:
		line 318 in file "slavestr3.c"
 Parameters:    Size  Location     Type
		None
 Auto vars:     Size  Location     Type
  j               2    0[COMMON] unsigned int 
 Return value:  Size  Location     Type
		None               void
 Registers used:
		wreg, status,2, status,0
 Tracked objects:
		On entry : 
		On exit  : 
		Unchanged: 
 Data sizes:     COMMON   BANK0   BANK1   BANK3   BANK2
      Params:         0       0       0       0       0
      Locals:         2       0       0       0       0
      Temps:          0       0       0       0       0
      Totals:         2       0       0       0       0
Total ram usage:        2 bytes
 Hardware stack levels used:    1
 This function calls:
		Nothing
 This function is called by:
		_delay_ms
 This function uses a non-reentrant model


 *************** function _UART_Write_Text *****************
 Defined at:
		line 241 in file "slavestr3.c"
 Parameters:    Size  Location     Type
  text            2    1[COMMON] PTR const unsigned char 
		 -> STR_13(12), STR_12(14), STR_11(3), STR_10(33), 
		 -> main@array(80), STR_9(27), STR_8(21), STR_4(23), 
		 -> STR_3(46), 
 Auto vars:     Size  Location     Type
  i               2    6[COMMON] int 
 Return value:  Size  Location     Type
		None               void
 Registers used:
		wreg, fsr0l, fsr0h, status,2, status,0, btemp+1, pclath, cstack
 Tracked objects:
		On entry : 
		On exit  : 
		Unchanged: 
 Data sizes:     COMMON   BANK0   BANK1   BANK3   BANK2
      Params:         2       0       0       0       0
      Locals:         2       0       0       0       0
      Temps:          3       0       0       0       0
      Totals:         7       0       0       0       0
Total ram usage:        7 bytes
 Hardware stack levels used:    1
 Hardware stack levels required when called:    1
 This function calls:
		_UART_Write
 This function is called by:
		_main
		_UART_Read_Text
 This function uses a non-reentrant model


 *************** function _UART_Write *****************
 Defined at:
		line 229 in file "slavestr3.c"
 Parameters:    Size  Location     Type
  data            1    wreg     unsigned char 
 Auto vars:     Size  Location     Type
  data            1    0[COMMON] unsigned char 
 Return value:  Size  Location     Type
		None               void
 Registers used:
		wreg
 Tracked objects:
		On entry : 
		On exit  : 
		Unchanged: 
 Data sizes:     COMMON   BANK0   BANK1   BANK3   BANK2
      Params:         0       0       0       0       0
      Locals:         1       0       0       0       0
      Temps:          0       0       0       0       0
      Totals:         1       0       0       0       0
Total ram usage:        1 bytes
 Hardware stack levels used:    1
 This function calls:
		Nothing
 This function is called by:
		_main
		_UART_Write_Text
 This function uses a non-reentrant model


 *************** function _UART_Init *****************
 Defined at:
		line 200 in file "slavestr3.c"
 Parameters:    Size  Location     Type
  baudrate        4    6[BANK0 ] long 
 Auto vars:     Size  Location     Type
  x               2    9[COMMON] unsigned int 
 Return value:  Size  Location     Type
                  1    wreg      unsigned char 
 Registers used:
		wreg, status,2, status,0, pclath, cstack
 Tracked objects:
		On entry : 
		On exit  : 
		Unchanged: 
 Data sizes:     COMMON   BANK0   BANK1   BANK3   BANK2
      Params:         0       4       0       0       0
      Locals:         2       0       0       0       0
      Temps:          0      12       0       0       0
      Totals:         2      16       0       0       0
Total ram usage:       18 bytes
 Hardware stack levels used:    1
 Hardware stack levels required when called:    1
 This function calls:
		___aldiv
 This function is called by:
		_main
 This function uses a non-reentrant model


 *************** function ___aldiv *****************
 Defined at:
		line 6 in file "C:\Program Files (x86)\Microchip\xc8\v1.33\sources\common\aldiv.c"
 Parameters:    Size  Location     Type
  divisor         4    0[COMMON] long 
  dividend        4    4[COMMON] long 
 Auto vars:     Size  Location     Type
  quotient        4    2[BANK0 ] long 
  sign            1    1[BANK0 ] unsigned char 
  counter         1    0[BANK0 ] unsigned char 
 Return value:  Size  Location     Type
                  4    0[COMMON] long 
 Registers used:
		wreg, status,2, status,0
 Tracked objects:
		On entry : 
		On exit  : 
		Unchanged: 
 Data sizes:     COMMON   BANK0   BANK1   BANK3   BANK2
      Params:         8       0       0       0       0
      Locals:         0       6       0       0       0
      Temps:          1       0       0       0       0
      Totals:         9       6       0       0       0
Total ram usage:       15 bytes
 Hardware stack levels used:    1
 This function calls:
		Nothing
 This function is called by:
		_UART_Init
 This function uses a non-reentrant model



MODULE INFORMATION

Module		Function		Class		Link	Load	Size
slavestr3.c
		_i2c_address_de		CODE           	050D	0000	14
		_UART_Init     		CODE           	06FE	0000	241
		_i2c_start_dete		CODE           	04F2	0000	5
		_main          		CODE           	062B	0000	211
		_UART_Write_Tex		CODE           	055F	0000	61
		_i2c_data_detec		CODE           	054B	0000	20
		_i2c_slave_init		CODE           	053A	0000	17
		_delay_ms      		CODE           	052A	0000	16
		_UART_Write    		CODE           	04FF	0000	14
		_delay1ms      		CODE           	051B	0000	15

slavestr3.c estimated size: 614

shared
		__stringtab    		STRING         	0003	0000	18
		__stringdata   		STRCODE        	0800	0000	329
		__initializatio		CODE           	07EF	0000	13

shared estimated size: 360

C:\Program Files (x86)\Microchip\xc8\v1.33\sources\common\aldiv.c
		___aldiv       		CODE           	059C	0000	143

C:\Program Files (x86)\Microchip\xc8\v1.33\sources\common\aldiv.c estimated size: 143

