Microchip MPLAB XC8 Compiler V1.33 ()

Linker command line:

--edf=C:\Program Files (x86)\Microchip\xc8\v1.33\dat\en_msgs.txt -cs \
  -h+dist/default/production\slavestr.X.production.sym \
  --cmf=dist/default/production\slavestr.X.production.cmf -z -Q16F886 \
  -oC:\Users\Abhi\AppData\Local\Temp\s6f0.6 \
  -Mdist/default/production/slavestr.X.production.map -E1 -ver=XC8 \
  -ASTACK=0110h-016fh -pstack=STACK -ACONST=00h-0FFhx32 -ACODE=00h-07FFhx4 \
  -ASTRCODE=00h-01FFFh -AENTRY=00h-0FFhx32 -ASTRING=00h-0FFhx32 \
  -ACOMMON=070h-07Fh -ABANK0=020h-06Fh -ABANK1=0A0h-0EFh \
  -ABANK2=0110h-016Fh -ABANK3=0190h-01EFh \
  -ARAM=020h-06Fh,0A0h-0EFh,0110h-016Fh,0190h-01EFh \
  -AABS1=020h-07Fh,0A0h-0EFh,0110h-016Fh,0190h-01EFh -ASFR0=00h-01Fh \
  -ASFR1=080h-09Fh -ASFR2=0100h-010Fh -ASFR3=0180h-018Fh \
  -preset_vec=00h,intentry,init,end_init -ppowerup=CODE -pcinit=CODE \
  -pfunctab=CODE -ACONFIG=02007h-02008h -pconfig=CONFIG -DCONFIG=2 \
  -AIDLOC=02000h-02003h -pidloc=IDLOC -DIDLOC=2 -AEEDATA=00h-0FFh/02100h \
  -peeprom_data=EEDATA -DEEDATA=2 -DCODE=2 -DSTRCODE=2 -DSTRING=2 -DCONST=2 \
  -DENTRY=2 -k C:\Users\Abhi\AppData\Local\Temp\s6f0.obj \
  dist/default/production\slavestr.X.production.obj 

Object code version is 3.11

Machine type is 16F886



                Name                               Link     Load   Length Selector   Space Scale
C:\Users\Abhi\AppData\Local\Temp\s6f0.obj
                end_init                              0        0        3        0       0
                config                             2007     2007        2     400E       0
dist/default/production\slavestr.X.production.obj
                cinit                               7F0      7F0       10      FE0       0
                text11                              590      590       8F      B20       0
                text10                              6FF      6FF       F1      DFE       0
                text9                               4F0      4F0        E      9E0       0
                text8                               553      553       3D      AA6       0
                text7                               50C      50C        F      A18       0
                text6                               51B      51B       10      A36       0
                text5                               4E5      4E5        B      9CA       0
                text4                               4FE      4FE        E      9FC       0
                text3                               53C      53C       17      A78       0
                text2                               52B      52B       11      A56       0
                text1                               4D8      4D8        5      9B0       0
                maintext                            61F      61F       E0      C3E       0
                cstackBANK0                          20       20       16       20       1
                cstackCOMMON                         70       70        C       70       1
                cstackBANK3                         190      190       57      190       1
                clrtext                             4DD      4DD        8      9BA       0
                bssBANK3                            1E7      1E7        1      190       1
                bssBANK0                             36       36       14       20       1
                bssCOMMON                            7C       7C        2       70       1
                strings                               3        3       BC        6       0

TOTAL           Name                               Link     Load   Length     Space
        CLASS   STACK          

        CLASS   CONST          

        CLASS   CODE           
                end_init                              0        0        3         0
                cinit                               7F0      7F0       10         0
                text11                              590      590       8F         0
                text10                              6FF      6FF       F1         0
                text9                               4F0      4F0        E         0
                text8                               553      553       3D         0
                text7                               50C      50C        F         0
                text6                               51B      51B       10         0
                text5                               4E5      4E5        B         0
                text4                               4FE      4FE        E         0
                text3                               53C      53C       17         0
                text2                               52B      52B       11         0
                text1                               4D8      4D8        5         0
                maintext                            61F      61F       E0         0
                clrtext                             4DD      4DD        8         0

        CLASS   STRCODE        

        CLASS   ENTRY          

        CLASS   STRING         
                strings                               3        3       BC         0

        CLASS   COMMON         
                cstackCOMMON                         70       70        C         1
                bssCOMMON                            7C       7C        2         1

        CLASS   BANK0          
                cstackBANK0                          20       20       16         1
                bssBANK0                             36       36       14         1

        CLASS   BANK1          

        CLASS   BANK2          

        CLASS   BANK3          
                cstackBANK3                         190      190       57         1
                bssBANK3                            1E7      1E7        1         1

        CLASS   RAM            

        CLASS   ABS1           
                abs_s1                               7E       7E        2         1

        CLASS   SFR0           

        CLASS   SFR1           

        CLASS   SFR2           

        CLASS   SFR3           

        CLASS   CONFIG         
                config                             2007     2007        2         0

        CLASS   IDLOC          

        CLASS   EEDATA         



SEGMENTS        Name                           Load    Length   Top    Selector   Space  Class     Delta

                reset_vec                      000000  000003  000003         0       0  CODE        2
                strings                        000003  0000BC  0000BF         6       0  STRING      2
                cstackBANK0                    000020  00002A  00004A        20       1  BANK0       1
                cstackCOMMON                   000070  00000E  00007E        70       1  COMMON      1
                cstackBANK3                    000190  000058  0001E8       190       1  BANK3       1
                text1                          0004D8  000005  0004DD       9B0       0  CODE        2
                clrtext                        0004DD  000008  0004E5       9BA       0  CODE        2
                text5                          0004E5  00000B  0004F0       9CA       0  CODE        2
                text9                          0004F0  00000E  0004FE       9E0       0  CODE        2
                text4                          0004FE  00000E  00050C       9FC       0  CODE        2
                text7                          00050C  00000F  00051B       A18       0  CODE        2
                text6                          00051B  000010  00052B       A36       0  CODE        2
                text2                          00052B  000011  00053C       A56       0  CODE        2
                text3                          00053C  000017  000553       A78       0  CODE        2
                text8                          000553  00003D  000590       AA6       0  CODE        2
                text11                         000590  00008F  00061F       B20       0  CODE        2
                maintext                       00061F  0000E0  0006FF       C3E       0  CODE        2
                text10                         0006FF  0000F1  0007F0       DFE       0  CODE        2
                cinit                          0007F0  000010  000800       FE0       0  CODE        2
                config                         002007  000002  002009      400E       0  CONFIG      2


UNUSED ADDRESS RANGES

        Name                Unused          Largest block    Delta
        BANK0            004A-006F             26           1
        BANK1            00A0-00EF             50           1
        BANK2            0110-016F             60           1
        BANK3            01E8-01EF              8           1
        CODE             00BF-04D7            419           2
                         0800-1FFF            800
        CONST            00BF-04D7            100           2
                         0800-1FFF            100
        EEDATA           2100-21FF            100           2
        ENTRY            00BF-04D7            100           2
                         0800-1FFF            100
        IDLOC            2000-2003              4           2
        RAM              004A-006F             26           1
                         00A0-00EF             50
                         0110-016F             60
                         01E8-01EF              8
        SFR0             0000-001F             20           1
        SFR1             0080-009F             20           1
        SFR2             0100-010F             10           1
        SFR3             0180-018F             10           1
        STACK            0110-016F             60           1
        STRCODE          00BF-04D7            419           2
                         0800-1FFF           1800
        STRING           00BF-04D7            100           2
                         0800-1FFF            100

                                  Symbol Table

?___aldiv                    cstackCOMMON 0070
UART_Init@baudrate           cstackBANK0  0026
UART_Init@x                  cstackCOMMON 0079
UART_Read_Text@string        bssBANK0     0036
UART_Write@data              cstackCOMMON 0070
UART_Write_Text@i            cstackCOMMON 0076
UART_Write_Text@text         cstackCOMMON 0071
_BRGH                        (abs)        04C2
_CREN                        (abs)        00C4
_OSCCONbits                  (abs)        008F
_PIR1bits                    (abs)        000C
_RCIF                        (abs)        0065
_RCREG                       (abs)        001A
_SPBRG                       (abs)        0099
_SPEN                        (abs)        00C7
_SSPADD                      (abs)        0093
_SSPBUF                      (abs)        0013
_SSPCON                      (abs)        0014
_SSPCONbits                  (abs)        0014
_SSPSTAT                     (abs)        0094
_SSPSTATbits                 (abs)        0094
_SYNC                        (abs)        04C4
_TRISCbits                   (abs)        0087
_TRMT                        (abs)        04C1
_TXEN                        (abs)        04C5
_TXIF                        (abs)        0064
_TXREG                       (abs)        0019
_UART_Init                   text10       06FF
_UART_Write                  text9        04F0
_UART_Write_Text             text8        0553
__CFG_BOR4V$BOR40V           (abs)        0000
__CFG_BOREN$ON               (abs)        0000
__CFG_CP$OFF                 (abs)        0000
__CFG_CPD$OFF                (abs)        0000
__CFG_FCMEN$OFF              (abs)        0000
__CFG_FOSC$INTRC_NOCLKOUT    (abs)        0000
__CFG_IESO$OFF               (abs)        0000
__CFG_LVP$OFF                (abs)        0000
__CFG_MCLRE$ON               (abs)        0000
__CFG_PWRTE$OFF              (abs)        0000
__CFG_WDTE$OFF               (abs)        0000
__CFG_WRT$OFF                (abs)        0000
__Habs1                      abs1         0000
__Hbank0                     bank0        0000
__Hbank1                     bank1        0000
__Hbank2                     bank2        0000
__Hbank3                     bank3        0000
__HbssBANK0                  bssBANK0     0000
__HbssBANK3                  bssBANK3     0000
__HbssCOMMON                 bssCOMMON    0000
__Hcinit                     cinit        0800
__Hclrtext                   clrtext      0000
__Hcode                      code         0000
__Hcommon                    common       0000
__Hconfig                    config       2009
__HcstackBANK0               cstackBANK0  0000
__HcstackBANK3               cstackBANK3  0000
__HcstackCOMMON              cstackCOMMON 0000
__Heeprom_data               eeprom_data  0000
__Hend_init                  end_init     0003
__Hfunctab                   functab      0000
__Hidloc                     idloc        0000
__Hinit                      init         0000
__Hintentry                  intentry     0000
__Hmaintext                  maintext     0000
__Hpowerup                   powerup      0000
__Hram                       ram          0000
__Hreset_vec                 reset_vec    0000
__Hsfr0                      sfr0         0000
__Hsfr1                      sfr1         0000
__Hsfr2                      sfr2         0000
__Hsfr3                      sfr3         0000
__Hspace_0                   (abs)        2009
__Hspace_1                   (abs)        01E8
__Hspace_2                   (abs)        0000
__Hspace_3                   (abs)        0000
__Hstack                     stack        0000
__Hstrings                   strings      0000
__Htext                      text         0000
__Labs1                      abs1         0000
__Lbank0                     bank0        0000
__Lbank1                     bank1        0000
__Lbank2                     bank2        0000
__Lbank3                     bank3        0000
__LbssBANK0                  bssBANK0     0000
__LbssBANK3                  bssBANK3     0000
__LbssCOMMON                 bssCOMMON    0000
__Lcinit                     cinit        07F0
__Lclrtext                   clrtext      0000
__Lcode                      code         0000
__Lcommon                    common       0000
__Lconfig                    config       2007
__LcstackBANK0               cstackBANK0  0000
__LcstackBANK3               cstackBANK3  0000
__LcstackCOMMON              cstackCOMMON 0000
__Leeprom_data               eeprom_data  0000
__Lend_init                  end_init     0000
__Lfunctab                   functab      0000
__Lidloc                     idloc        0000
__Linit                      init         0000
__Lintentry                  intentry     0000
__Lmaintext                  maintext     0000
__Lpowerup                   powerup      0000
__Lram                       ram          0000
__Lreset_vec                 reset_vec    0000
__Lsfr0                      sfr0         0000
__Lsfr1                      sfr1         0000
__Lsfr2                      sfr2         0000
__Lsfr3                      sfr3         0000
__Lspace_0                   (abs)        0000
__Lspace_1                   (abs)        0000
__Lspace_2                   (abs)        0000
__Lspace_3                   (abs)        0000
__Lstack                     stack        0000
__Lstrings                   strings      0000
__Ltext                      text         0000
__S0                         (abs)        2009
__S1                         (abs)        01E8
__S2                         (abs)        0000
__S3                         (abs)        0000
___aldiv                     text11       0590
___aldiv@counter             cstackBANK0  0020
___aldiv@dividend            cstackCOMMON 0074
___aldiv@divisor             cstackCOMMON 0070
___aldiv@quotient            cstackBANK0  0022
___aldiv@sign                cstackBANK0  0021
___int_sp                    stack        0000
___latbits                   (abs)        0002
___sp                        stack        0000
__end_of_UART_Init           text10       07F0
__end_of_UART_Write          text9        04FE
__end_of_UART_Write_Text     text8        0590
__end_of___aldiv             text11       061F
__end_of__initialization     cinit        07FC
__end_of__stringdata         strings      00BF
__end_of__stringtab          strings      0013
__end_of_delay1ms            text7        051B
__end_of_delay_ms            text6        052B
__end_of_delay_us            text5        04F0
__end_of_i2c_address_detect  text4        050C
__end_of_i2c_data_detect     text3        0553
__end_of_i2c_slave_init      text2        053C
__end_of_i2c_start_detect    text1        04DD
__end_of_main                maintext     06FF
__initialization             cinit        07F0
__pbssBANK0                  bssBANK0     0036
__pbssBANK3                  bssBANK3     01E7
__pbssCOMMON                 bssCOMMON    007C
__pcstackBANK0               cstackBANK0  0020
__pcstackBANK3               cstackBANK3  0190
__pcstackCOMMON              cstackCOMMON 0070
__pmaintext                  maintext     061F
__pstrings                   strings      0003
__ptext1                     text1        04D8
__ptext10                    text10       06FF
__ptext11                    text11       0590
__ptext2                     text2        052B
__ptext3                     text3        053C
__ptext4                     text4        04FE
__ptext5                     text5        04E5
__ptext6                     text6        051B
__ptext7                     text7        050C
__ptext8                     text8        0553
__ptext9                     text9        04F0
__size_of_UART_Init          (abs)        0000
__size_of_UART_Write         (abs)        0000
__size_of_UART_Write_Text    (abs)        0000
__size_of___aldiv            (abs)        0000
__size_of_delay1ms           (abs)        0000
__size_of_delay_ms           (abs)        0000
__size_of_delay_us           (abs)        0000
__size_of_i2c_address_detect (abs)        0000
__size_of_i2c_data_detect    (abs)        0000
__size_of_i2c_slave_init     (abs)        0000
__size_of_i2c_start_detect   (abs)        0000
__size_of_main               (abs)        0000
__stringbase                 strings      0012
__stringdata                 strings      0013
__stringtab                  strings      0003
_addr                        bssCOMMON    007C
_datain                      bssBANK3     01E7
_delay1ms                    text7        050C
_delay_ms                    text6        051B
_delay_us                    text5        04E5
_i2c_address_detect          text4        04FE
_i2c_data_detect             text3        053C
_i2c_slave_init              text2        052B
_i2c_start_detect            text1        04D8
_main                        maintext     061F
btemp                        (abs)        007E
clear_ram0                   clrtext      04DD
delay1ms@j                   cstackCOMMON 0070
delay_ms@i                   cstackCOMMON 0072
delay_us@i                   cstackCOMMON 0070
end_of_initialization        cinit        07FC
intlevel0                    functab      0000
intlevel1                    functab      0000
intlevel2                    functab      0000
intlevel3                    functab      0000
intlevel4                    functab      0000
intlevel5                    functab      0000
ltemp                        (abs)        007E
ltemp0                       (abs)        007E
ltemp1                       (abs)        0082
ltemp2                       (abs)        0086
ltemp3                       (abs)        0080
main@arr1                    cstackBANK3  01E4
main@arr2                    cstackBANK3  01E5
main@array                   cstackBANK3  0190
main@i                       cstackBANK3  01E6
main@msg1                    cstackBANK3  01E3
main@t1                      cstackBANK3  01E0
main@t2                      cstackBANK3  01E1
main@t3                      cstackBANK3  01E2
reset_vec                    reset_vec    0000
stackhi                      (abs)        0000
stacklo                      (abs)        0000
start                        init         0000
start_initialization         cinit        07F0
ttemp                        (abs)        007E
ttemp0                       (abs)        007E
ttemp1                       (abs)        0081
ttemp2                       (abs)        0084
ttemp3                       (abs)        0087
ttemp4                       (abs)        007F
wtemp                        (abs)        007E
wtemp0                       (abs)        007E
wtemp1                       (abs)        0080
wtemp2                       (abs)        0082
wtemp3                       (abs)        0084
wtemp4                       (abs)        0086
wtemp5                       (abs)        0088
wtemp6                       (abs)        007F


FUNCTION INFORMATION:

 *************** function _main *****************
 Defined at:
		line 51 in file "slavestr.c"
 Parameters:    Size  Location     Type
		None
 Auto vars:     Size  Location     Type
  array          80    0[BANK3 ] unsigned char [80]
  i               1   86[BANK3 ] unsigned char 
  arr2            1   85[BANK3 ] PTR const unsigned char 
		 -> STR_6(25), 
  arr1            1   84[BANK3 ] PTR const unsigned char 
		 -> STR_5(19), 
  msg1            1   83[BANK3 ] PTR const unsigned char 
		 -> STR_1(25), 
  t3              1   82[BANK3 ] PTR const unsigned char 
		 -> STR_4(22), 
  t2              1   81[BANK3 ] PTR const unsigned char 
		 -> STR_3(23), 
  t1              1   80[BANK3 ] PTR const unsigned char 
		 -> STR_2(19), 
 Return value:  Size  Location     Type
		None               void
 Registers used:
		wreg, fsr0l, fsr0h, status,2, status,0, btemp+1, pclath, cstack
 Tracked objects:
		On entry : 
		On exit  : 
		Unchanged: 
 Data sizes:     COMMON   BANK0   BANK1   BANK3   BANK2
      Params:         0       0       0       0       0
      Locals:         0       0       0      87       0
      Temps:          1       0       0       0       0
      Totals:         1       0       0      87       0
Total ram usage:       88 bytes
 Hardware stack levels required when called:    2
 This function calls:
		_UART_Init
		_UART_Write
		_UART_Write_Text
		_delay_ms
		_delay_us
		_i2c_address_detect
		_i2c_data_detect
		_i2c_slave_init
		_i2c_start_detect
 This function is called by:
		Startup code after reset
 This function uses a non-reentrant model


 *************** function _i2c_start_detect *****************
 Defined at:
		line 138 in file "slavestr.c"
 Parameters:    Size  Location     Type
		None
 Auto vars:     Size  Location     Type
		None
 Return value:  Size  Location     Type
		None               void
 Registers used:
		None
 Tracked objects:
		On entry : 
		On exit  : 
		Unchanged: 
 Data sizes:     COMMON   BANK0   BANK1   BANK3   BANK2
      Params:         0       0       0       0       0
      Locals:         0       0       0       0       0
      Temps:          0       0       0       0       0
      Totals:         0       0       0       0       0
Total ram usage:        0 bytes
 Hardware stack levels used:    1
 This function calls:
		Nothing
 This function is called by:
		_main
 This function uses a non-reentrant model


 *************** function _i2c_slave_init *****************
 Defined at:
		line 126 in file "slavestr.c"
 Parameters:    Size  Location     Type
		None
 Auto vars:     Size  Location     Type
		None
 Return value:  Size  Location     Type
		None               void
 Registers used:
		wreg, status,2
 Tracked objects:
		On entry : 
		On exit  : 
		Unchanged: 
 Data sizes:     COMMON   BANK0   BANK1   BANK3   BANK2
      Params:         0       0       0       0       0
      Locals:         0       0       0       0       0
      Temps:          0       0       0       0       0
      Totals:         0       0       0       0       0
Total ram usage:        0 bytes
 Hardware stack levels used:    1
 This function calls:
		Nothing
 This function is called by:
		_main
 This function uses a non-reentrant model


 *************** function _i2c_data_detect *****************
 Defined at:
		line 171 in file "slavestr.c"
 Parameters:    Size  Location     Type
		None
 Auto vars:     Size  Location     Type
		None
 Return value:  Size  Location     Type
		None               void
 Registers used:
		wreg
 Tracked objects:
		On entry : 
		On exit  : 
		Unchanged: 
 Data sizes:     COMMON   BANK0   BANK1   BANK3   BANK2
      Params:         0       0       0       0       0
      Locals:         0       0       0       0       0
      Temps:          1       0       0       0       0
      Totals:         1       0       0       0       0
Total ram usage:        1 bytes
 Hardware stack levels used:    1
 This function calls:
		Nothing
 This function is called by:
		_main
 This function uses a non-reentrant model


 *************** function _i2c_address_detect *****************
 Defined at:
		line 148 in file "slavestr.c"
 Parameters:    Size  Location     Type
		None
 Auto vars:     Size  Location     Type
		None
 Return value:  Size  Location     Type
		None               void
 Registers used:
		wreg
 Tracked objects:
		On entry : 
		On exit  : 
		Unchanged: 
 Data sizes:     COMMON   BANK0   BANK1   BANK3   BANK2
      Params:         0       0       0       0       0
      Locals:         0       0       0       0       0
      Temps:          1       0       0       0       0
      Totals:         1       0       0       0       0
Total ram usage:        1 bytes
 Hardware stack levels used:    1
 This function calls:
		Nothing
 This function is called by:
		_main
 This function uses a non-reentrant model


 *************** function _delay_us *****************
 Defined at:
		line 304 in file "slavestr.c"
 Parameters:    Size  Location     Type
  i               2    0[COMMON] unsigned int 
 Auto vars:     Size  Location     Type
		None
 Return value:  Size  Location     Type
		None               void
 Registers used:
		wreg, status,2, status,0
 Tracked objects:
		On entry : 
		On exit  : 
		Unchanged: 
 Data sizes:     COMMON   BANK0   BANK1   BANK3   BANK2
      Params:         2       0       0       0       0
      Locals:         0       0       0       0       0
      Temps:          0       0       0       0       0
      Totals:         2       0       0       0       0
Total ram usage:        2 bytes
 Hardware stack levels used:    1
 This function calls:
		Nothing
 This function is called by:
		_main
 This function uses a non-reentrant model


 *************** function _delay_ms *****************
 Defined at:
		line 309 in file "slavestr.c"
 Parameters:    Size  Location     Type
  i               2    2[COMMON] unsigned int 
 Auto vars:     Size  Location     Type
		None
 Return value:  Size  Location     Type
		None               void
 Registers used:
		wreg, status,2, status,0, pclath, cstack
 Tracked objects:
		On entry : 
		On exit  : 
		Unchanged: 
 Data sizes:     COMMON   BANK0   BANK1   BANK3   BANK2
      Params:         2       0       0       0       0
      Locals:         0       0       0       0       0
      Temps:          0       0       0       0       0
      Totals:         2       0       0       0       0
Total ram usage:        2 bytes
 Hardware stack levels used:    1
 Hardware stack levels required when called:    1
 This function calls:
		_delay1ms
 This function is called by:
		_main
 This function uses a non-reentrant model


 *************** function _delay1ms *****************
 Defined at:
		line 315 in file "slavestr.c"
 Parameters:    Size  Location     Type
		None
 Auto vars:     Size  Location     Type
  j               2    0[COMMON] unsigned int 
 Return value:  Size  Location     Type
		None               void
 Registers used:
		wreg, status,2, status,0
 Tracked objects:
		On entry : 
		On exit  : 
		Unchanged: 
 Data sizes:     COMMON   BANK0   BANK1   BANK3   BANK2
      Params:         0       0       0       0       0
      Locals:         2       0       0       0       0
      Temps:          0       0       0       0       0
      Totals:         2       0       0       0       0
Total ram usage:        2 bytes
 Hardware stack levels used:    1
 This function calls:
		Nothing
 This function is called by:
		_delay_ms
 This function uses a non-reentrant model


 *************** function _UART_Write_Text *****************
 Defined at:
		line 238 in file "slavestr.c"
 Parameters:    Size  Location     Type
  text            2    1[COMMON] PTR const unsigned char 
		 -> STR_11(12), STR_10(12), STR_9(3), STR_8(15), 
		 -> STR_7(3), main@array(80), STR_6(25), STR_5(19), 
		 -> STR_1(25), 
 Auto vars:     Size  Location     Type
  i               2    6[COMMON] int 
 Return value:  Size  Location     Type
		None               void
 Registers used:
		wreg, fsr0l, fsr0h, status,2, status,0, btemp+1, pclath, cstack
 Tracked objects:
		On entry : 
		On exit  : 
		Unchanged: 
 Data sizes:     COMMON   BANK0   BANK1   BANK3   BANK2
      Params:         2       0       0       0       0
      Locals:         2       0       0       0       0
      Temps:          3       0       0       0       0
      Totals:         7       0       0       0       0
Total ram usage:        7 bytes
 Hardware stack levels used:    1
 Hardware stack levels required when called:    1
 This function calls:
		_UART_Write
 This function is called by:
		_main
		_UART_Read_Text
 This function uses a non-reentrant model


 *************** function _UART_Write *****************
 Defined at:
		line 226 in file "slavestr.c"
 Parameters:    Size  Location     Type
  data            1    wreg     unsigned char 
 Auto vars:     Size  Location     Type
  data            1    0[COMMON] unsigned char 
 Return value:  Size  Location     Type
		None               void
 Registers used:
		wreg
 Tracked objects:
		On entry : 
		On exit  : 
		Unchanged: 
 Data sizes:     COMMON   BANK0   BANK1   BANK3   BANK2
      Params:         0       0       0       0       0
      Locals:         1       0       0       0       0
      Temps:          0       0       0       0       0
      Totals:         1       0       0       0       0
Total ram usage:        1 bytes
 Hardware stack levels used:    1
 This function calls:
		Nothing
 This function is called by:
		_main
		_UART_Write_Text
 This function uses a non-reentrant model


 *************** function _UART_Init *****************
 Defined at:
		line 194 in file "slavestr.c"
 Parameters:    Size  Location     Type
  baudrate        4    6[BANK0 ] long 
 Auto vars:     Size  Location     Type
  x               2    9[COMMON] unsigned int 
 Return value:  Size  Location     Type
                  1    wreg      unsigned char 
 Registers used:
		wreg, status,2, status,0, pclath, cstack
 Tracked objects:
		On entry : 
		On exit  : 
		Unchanged: 
 Data sizes:     COMMON   BANK0   BANK1   BANK3   BANK2
      Params:         0       4       0       0       0
      Locals:         2       0       0       0       0
      Temps:          0      12       0       0       0
      Totals:         2      16       0       0       0
Total ram usage:       18 bytes
 Hardware stack levels used:    1
 Hardware stack levels required when called:    1
 This function calls:
		___aldiv
 This function is called by:
		_main
 This function uses a non-reentrant model


 *************** function ___aldiv *****************
 Defined at:
		line 6 in file "C:\Program Files (x86)\Microchip\xc8\v1.33\sources\common\aldiv.c"
 Parameters:    Size  Location     Type
  divisor         4    0[COMMON] long 
  dividend        4    4[COMMON] long 
 Auto vars:     Size  Location     Type
  quotient        4    2[BANK0 ] long 
  sign            1    1[BANK0 ] unsigned char 
  counter         1    0[BANK0 ] unsigned char 
 Return value:  Size  Location     Type
                  4    0[COMMON] long 
 Registers used:
		wreg, status,2, status,0
 Tracked objects:
		On entry : 
		On exit  : 
		Unchanged: 
 Data sizes:     COMMON   BANK0   BANK1   BANK3   BANK2
      Params:         8       0       0       0       0
      Locals:         0       6       0       0       0
      Temps:          1       0       0       0       0
      Totals:         9       6       0       0       0
Total ram usage:       15 bytes
 Hardware stack levels used:    1
 This function calls:
		Nothing
 This function is called by:
		_UART_Init
 This function uses a non-reentrant model



MODULE INFORMATION

Module		Function		Class		Link	Load	Size
shared
		__stringtab    		STRING         	0003	0000	16
		__stringdata   		STRING         	0013	0000	172
		__initializatio		CODE           	07F0	0000	12

shared estimated size: 200

C:\Program Files (x86)\Microchip\xc8\v1.33\sources\common\aldiv.c
		___aldiv       		CODE           	0590	0000	143

C:\Program Files (x86)\Microchip\xc8\v1.33\sources\common\aldiv.c estimated size: 143

slavestr.c
		_i2c_address_de		CODE           	04FE	0000	14
		_UART_Init     		CODE           	06FF	0000	241
		_i2c_start_dete		CODE           	04D8	0000	5
		_delay_us      		CODE           	04E5	0000	11
		_main          		CODE           	061F	0000	224
		_UART_Write_Tex		CODE           	0553	0000	61
		_i2c_data_detec		CODE           	053C	0000	23
		_i2c_slave_init		CODE           	052B	0000	17
		_delay_ms      		CODE           	051B	0000	16
		_UART_Write    		CODE           	04F0	0000	14
		_delay1ms      		CODE           	050C	0000	15

slavestr.c estimated size: 641

