Microchip MPLAB XC8 Compiler V1.33 ()

Linker command line:

--edf=C:\Program Files (x86)\Microchip\xc8\v1.33\dat\en_msgs.txt -cs \
  -h+dist/default/production\stringi2c.X.production.sym \
  --cmf=dist/default/production\stringi2c.X.production.cmf -z -Q16F886 \
  -oC:\Users\Abhi\AppData\Local\Temp\s3r0.6 \
  -Mdist/default/production/stringi2c.X.production.map -E1 -ver=XC8 \
  -ASTACK=0110h-016fh -pstack=STACK -ACONST=00h-0FFhx32 -ACODE=00h-07FFhx4 \
  -ASTRCODE=00h-01FFFh -AENTRY=00h-0FFhx32 -ASTRING=00h-0FFhx32 \
  -ACOMMON=070h-07Fh -ABANK0=020h-06Fh -ABANK1=0A0h-0EFh \
  -ABANK2=0110h-016Fh -ABANK3=0190h-01EFh \
  -ARAM=020h-06Fh,0A0h-0EFh,0110h-016Fh,0190h-01EFh \
  -AABS1=020h-07Fh,0A0h-0EFh,0110h-016Fh,0190h-01EFh -ASFR0=00h-01Fh \
  -ASFR1=080h-09Fh -ASFR2=0100h-010Fh -ASFR3=0180h-018Fh \
  -preset_vec=00h,intentry,init,end_init -ppowerup=CODE -pcinit=CODE \
  -pfunctab=CODE -ACONFIG=02007h-02008h -pconfig=CONFIG -DCONFIG=2 \
  -AIDLOC=02000h-02003h -pidloc=IDLOC -DIDLOC=2 -AEEDATA=00h-0FFh/02100h \
  -peeprom_data=EEDATA -DEEDATA=2 -DCODE=2 -DSTRCODE=2 -DSTRING=2 -DCONST=2 \
  -DENTRY=2 -k C:\Users\Abhi\AppData\Local\Temp\s3r0.obj \
  dist/default/production\stringi2c.X.production.obj 

Object code version is 3.11

Machine type is 16F886



                Name                               Link     Load   Length Selector   Space Scale
C:\Users\Abhi\AppData\Local\Temp\s3r0.obj
                end_init                              0        0        3        0       0
                config                             2007     2007        2     400E       0
dist/default/production\stringi2c.X.production.obj
                cinit                               7F4      7F4        C      FE8       0
                text17                              3D0      3D0        9      7A0       0
                text16                              3D9      3D9        9      7B2       0
                text15                              3EB      3EB        E      7D6       0
                text14                              4CB      4CB       3D      996       0
                text13                              418      418       13      830       0
                text12                              481      481       1F      902       0
                text11                              43F      43F       16      87E       0
                text10                              455      455       16      8AA       0
                text9                               46B      46B       16      8D6       0
                text8                               42B      42B       14      856       0
                text7                               508      508       8F      A10       0
                text6                               597      597       F1      B2E       0
                text5                               3C2      3C2        6      784       0
                text4                               4A0      4A0       2B      940       0
                text3                               3F9      3F9        F      7F2       0
                text2                               408      408       10      810       0
                text1                               3E2      3E2        9      7C4       0
                maintext                            688      688      16C      D10       0
                cstackBANK0                          20       20       35       20       1
                cstackCOMMON                         70       70        E       70       1
                clrtext                             3C8      3C8        8      790       0
                bssBANK0                             55       55       18       20       1
                bitbssBANK0                         368       6D        1       20       1     8
                stringtext                          800      800      1EA       10       0
                strings                               3        3       12        6       0

TOTAL           Name                               Link     Load   Length     Space
        CLASS   STACK          

        CLASS   CONST          

        CLASS   CODE           
                end_init                              0        0        3         0
                cinit                               7F4      7F4        C         0
                text17                              3D0      3D0        9         0
                text16                              3D9      3D9        9         0
                text15                              3EB      3EB        E         0
                text14                              4CB      4CB       3D         0
                text13                              418      418       13         0
                text12                              481      481       1F         0
                text11                              43F      43F       16         0
                text10                              455      455       16         0
                text9                               46B      46B       16         0
                text8                               42B      42B       14         0
                text7                               508      508       8F         0
                text6                               597      597       F1         0
                text5                               3C2      3C2        6         0
                text4                               4A0      4A0       2B         0
                text3                               3F9      3F9        F         0
                text2                               408      408       10         0
                text1                               3E2      3E2        9         0
                maintext                            688      688      16C         0
                clrtext                             3C8      3C8        8         0

        CLASS   STRCODE        
                stringtext                          800      800      1EA         0

        CLASS   ENTRY          

        CLASS   STRING         
                strings                               3        3       12         0

        CLASS   COMMON         
                cstackCOMMON                         70       70        E         1

        CLASS   BANK0          
                cstackBANK0                          20       20       35         1
                bssBANK0                             55       55       18         1
                bitbssBANK0                         368       6D        1         1

        CLASS   BANK1          

        CLASS   BANK2          

        CLASS   BANK3          

        CLASS   RAM            

        CLASS   ABS1           
                abs_s1                               7E       7E        2         1

        CLASS   SFR0           

        CLASS   SFR1           

        CLASS   SFR2           

        CLASS   SFR3           

        CLASS   CONFIG         
                config                             2007     2007        2         0

        CLASS   IDLOC          

        CLASS   EEDATA         



SEGMENTS        Name                           Load    Length   Top    Selector   Space  Class     Delta

                reset_vec                      000000  000003  000003         0       0  CODE        2
                strings                        000003  000012  000015         6       0  STRING      2
                cstackBANK0                    000020  00004E  00006E        20       1  BANK0       1
                cstackCOMMON                   000070  00000E  00007E        70       1  COMMON      1
                text5                          0003C2  000006  0003C8       784       0  CODE        2
                clrtext                        0003C8  000008  0003D0       790       0  CODE        2
                text17                         0003D0  000009  0003D9       7A0       0  CODE        2
                text16                         0003D9  000009  0003E2       7B2       0  CODE        2
                text1                          0003E2  000009  0003EB       7C4       0  CODE        2
                text15                         0003EB  00000E  0003F9       7D6       0  CODE        2
                text3                          0003F9  00000F  000408       7F2       0  CODE        2
                text2                          000408  000010  000418       810       0  CODE        2
                text13                         000418  000013  00042B       830       0  CODE        2
                text8                          00042B  000014  00043F       856       0  CODE        2
                text11                         00043F  000016  000455       87E       0  CODE        2
                text10                         000455  000016  00046B       8AA       0  CODE        2
                text9                          00046B  000016  000481       8D6       0  CODE        2
                text12                         000481  00001F  0004A0       902       0  CODE        2
                text4                          0004A0  00002B  0004CB       940       0  CODE        2
                text14                         0004CB  00003D  000508       996       0  CODE        2
                text7                          000508  00008F  000597       A10       0  CODE        2
                text6                          000597  0000F1  000688       B2E       0  CODE        2
                maintext                       000688  00016C  0007F4       D10       0  CODE        2
                cinit                          0007F4  00000C  000800       FE8       0  CODE        2
                stringtext                     000800  0001EA  0009EA        10       0  STRCODE     2
                config                         002007  000002  002009      400E       0  CONFIG      2


UNUSED ADDRESS RANGES

        Name                Unused          Largest block    Delta
        BANK0            006E-006F              2           1
        BANK1            00A0-00EF             50           1
        BANK2            0110-016F             60           1
        BANK3            0190-01EF             60           1
        CODE             0015-03C1            3AD           2
                         09EA-1FFF            800
        CONST            0015-03C1            100           2
                         09EA-1FFF            100
        EEDATA           2100-21FF            100           2
        ENTRY            0015-03C1            100           2
                         09EA-1FFF            100
        IDLOC            2000-2003              4           2
        RAM              006E-006F              2           1
                         00A0-00EF             50
                         0110-016F             60
                         0190-01EF             60
        SFR0             0000-001F             20           1
        SFR1             0080-009F             20           1
        SFR2             0100-010F             10           1
        SFR3             0180-018F             10           1
        STACK            0110-016F             60           1
        STRCODE          0015-03C1            3AD           2
                         09EA-1FFF           1616
        STRING           0015-03C1            100           2
                         09EA-1FFF            100

                                  Symbol Table

?___aldiv                   cstackCOMMON 0070
I2C_Write@Data              cstackCOMMON 0078
I2C_Write_Text@i            cstackCOMMON 007A
I2C_Write_Text@s            cstackCOMMON 007C
I2C_address_send1@con       bssBANK0     0055
I2C_address_send2@con       bssBANK0     0056
I2C_address_send@con        bssBANK0     0057
UART_Init@baudrate          cstackBANK0  0026
UART_Init@x                 cstackCOMMON 0079
UART_Read_Text@a            cstackCOMMON 0079
UART_Read_Text@i            cstackCOMMON 007C
UART_Read_Text@string       bssBANK0     0059
UART_Read_Text@x            cstackCOMMON 007B
UART_Write@data             cstackCOMMON 0070
UART_Write_Text@i           cstackCOMMON 0076
UART_Write_Text@text        cstackCOMMON 0071
_BRGH                       (abs)        04C2
_CREN                       (abs)        00C4
_I2C_Start                  text17       03D0
_I2C_Stop                   text16       03D9
_I2C_Write                  text13       0418
_I2C_Write_Text             text12       0481
_I2C_address_send           text11       043F
_I2C_address_send1          text10       0455
_I2C_address_send2          text9        046B
_I2C_init                   text8        042B
_IC2_ack                    bitbssBANK0  0368
_INTCON                     (abs)        000B
_OSCCONbits                 (abs)        008F
_PIR1bits                   (abs)        000C
_RCIF                       (abs)        0065
_RCREG                      (abs)        001A
_SPBRG                      (abs)        0099
_SPEN                       (abs)        00C7
_SSPADD                     (abs)        0093
_SSPBUF                     (abs)        0013
_SSPCON                     (abs)        0014
_SSPCON2                    (abs)        0091
_SSPCON2bits                (abs)        0091
_SSPIF                      (abs)        0063
_SSPSTAT                    (abs)        0094
_SSPSTATbits                (abs)        0094
_SYNC                       (abs)        04C4
_TRISCbits                  (abs)        0087
_TRMT                       (abs)        04C1
_TXEN                       (abs)        04C5
_TXIF                       (abs)        0064
_TXREG                      (abs)        0019
_UART_Init                  text6        0597
_UART_Read                  text5        03C2
_UART_Read_Text             text4        04A0
_UART_Write                 text15       03EB
_UART_Write_Text            text14       04CB
__CFG_BOR4V$BOR40V          (abs)        0000
__CFG_BOREN$ON              (abs)        0000
__CFG_CP$OFF                (abs)        0000
__CFG_CPD$OFF               (abs)        0000
__CFG_FCMEN$OFF             (abs)        0000
__CFG_FOSC$INTRC_NOCLKOUT   (abs)        0000
__CFG_IESO$OFF              (abs)        0000
__CFG_LVP$OFF               (abs)        0000
__CFG_MCLRE$ON              (abs)        0000
__CFG_PWRTE$OFF             (abs)        0000
__CFG_WDTE$OFF              (abs)        0000
__CFG_WRT$OFF               (abs)        0000
__Habs1                     abs1         0000
__Hbank0                    bank0        0000
__Hbank1                    bank1        0000
__Hbank2                    bank2        0000
__Hbank3                    bank3        0000
__HbitbssBANK0              bitbssBANK0  0000
__HbssBANK0                 bssBANK0     0000
__Hcinit                    cinit        0800
__Hclrtext                  clrtext      0000
__Hcode                     code         0000
__Hcommon                   common       0000
__Hconfig                   config       2009
__HcstackBANK0              cstackBANK0  0000
__HcstackCOMMON             cstackCOMMON 0000
__Heeprom_data              eeprom_data  0000
__Hend_init                 end_init     0003
__Hfunctab                  functab      0000
__Hidloc                    idloc        0000
__Hinit                     init         0000
__Hintentry                 intentry     0000
__Hmaintext                 maintext     0000
__Hpowerup                  powerup      0000
__Hram                      ram          0000
__Hreset_vec                reset_vec    0000
__Hsfr0                     sfr0         0000
__Hsfr1                     sfr1         0000
__Hsfr2                     sfr2         0000
__Hsfr3                     sfr3         0000
__Hspace_0                  (abs)        2009
__Hspace_1                  (abs)        0369
__Hspace_2                  (abs)        0000
__Hspace_3                  (abs)        0000
__Hstack                    stack        0000
__Hstrings                  strings      0000
__Hstringtext               stringtext   0000
__Htext                     text         0000
__Labs1                     abs1         0000
__Lbank0                    bank0        0000
__Lbank1                    bank1        0000
__Lbank2                    bank2        0000
__Lbank3                    bank3        0000
__LbitbssBANK0              bitbssBANK0  0000
__LbssBANK0                 bssBANK0     0000
__Lcinit                    cinit        07F4
__Lclrtext                  clrtext      0000
__Lcode                     code         0000
__Lcommon                   common       0000
__Lconfig                   config       2007
__LcstackBANK0              cstackBANK0  0000
__LcstackCOMMON             cstackCOMMON 0000
__Leeprom_data              eeprom_data  0000
__Lend_init                 end_init     0000
__Lfunctab                  functab      0000
__Lidloc                    idloc        0000
__Linit                     init         0000
__Lintentry                 intentry     0000
__Lmaintext                 maintext     0000
__Lpowerup                  powerup      0000
__Lram                      ram          0000
__Lreset_vec                reset_vec    0000
__Lsfr0                     sfr0         0000
__Lsfr1                     sfr1         0000
__Lsfr2                     sfr2         0000
__Lsfr3                     sfr3         0000
__Lspace_0                  (abs)        0000
__Lspace_1                  (abs)        0000
__Lspace_2                  (abs)        0000
__Lspace_3                  (abs)        0000
__Lstack                    stack        0000
__Lstrings                  strings      0000
__Lstringtext               stringtext   0000
__Ltext                     text         0000
__S0                        (abs)        2009
__S1                        (abs)        007E
__S2                        (abs)        0000
__S3                        (abs)        0000
___aldiv                    text7        0508
___aldiv@counter            cstackBANK0  0020
___aldiv@dividend           cstackCOMMON 0074
___aldiv@divisor            cstackCOMMON 0070
___aldiv@quotient           cstackBANK0  0022
___aldiv@sign               cstackBANK0  0021
___int_sp                   stack        0000
___latbits                  (abs)        0002
___sp                       stack        0000
__end_of_I2C_Start          text17       03D9
__end_of_I2C_Stop           text16       03E2
__end_of_I2C_Write          text13       042B
__end_of_I2C_Write_Text     text12       04A0
__end_of_I2C_address_send   text11       0455
__end_of_I2C_address_send1  text10       046B
__end_of_I2C_address_send2  text9        0481
__end_of_I2C_init           text8        043F
__end_of_UART_Init          text6        0688
__end_of_UART_Read          text5        03C8
__end_of_UART_Read_Text     text4        04CB
__end_of_UART_Write         text15       03F9
__end_of_UART_Write_Text    text14       0508
__end_of___aldiv            text7        0597
__end_of__initialization    cinit        07FC
__end_of__stringdata        stringtext   09EA
__end_of__stringtab         strings      0015
__end_of_delay1ms           text3        0408
__end_of_delay_ms           text2        0418
__end_of_i2c_idle           text1        03EB
__end_of_main               maintext     07F4
__initialization            cinit        07F4
__pbitbssBANK0              bitbssBANK0  0368
__pbssBANK0                 bssBANK0     0055
__pcstackBANK0              cstackBANK0  0020
__pcstackCOMMON             cstackCOMMON 0070
__pmaintext                 maintext     0688
__pstrings                  strings      0003
__pstringtext               stringtext   0800
__ptext1                    text1        03E2
__ptext10                   text10       0455
__ptext11                   text11       043F
__ptext12                   text12       0481
__ptext13                   text13       0418
__ptext14                   text14       04CB
__ptext15                   text15       03EB
__ptext16                   text16       03D9
__ptext17                   text17       03D0
__ptext2                    text2        0408
__ptext3                    text3        03F9
__ptext4                    text4        04A0
__ptext5                    text5        03C2
__ptext6                    text6        0597
__ptext7                    text7        0508
__ptext8                    text8        042B
__ptext9                    text9        046B
__size_of_I2C_Start         (abs)        0000
__size_of_I2C_Stop          (abs)        0000
__size_of_I2C_Write         (abs)        0000
__size_of_I2C_Write_Text    (abs)        0000
__size_of_I2C_address_send  (abs)        0000
__size_of_I2C_address_send1 (abs)        0000
__size_of_I2C_address_send2 (abs)        0000
__size_of_I2C_init          (abs)        0000
__size_of_UART_Init         (abs)        0000
__size_of_UART_Read         (abs)        0000
__size_of_UART_Read_Text    (abs)        0000
__size_of_UART_Write        (abs)        0000
__size_of_UART_Write_Text   (abs)        0000
__size_of___aldiv           (abs)        0000
__size_of_delay1ms          (abs)        0000
__size_of_delay_ms          (abs)        0000
__size_of_i2c_idle          (abs)        0000
__size_of_main              (abs)        0000
__stringbase                strings      0015
__stringdata                stringtext   0800
__stringtab                 strings      0003
_delay1ms                   text3        03F9
_delay_ms                   text2        0408
_i2c_idle                   text1        03E2
_is                         bssBANK0     0058
_main                       maintext     0688
btemp                       (abs)        007E
clear_ram0                  clrtext      03C8
delay1ms@j                  cstackCOMMON 0070
delay_ms@i                  cstackCOMMON 0072
end_of_initialization       cinit        07FC
intlevel0                   functab      0000
intlevel1                   functab      0000
intlevel2                   functab      0000
intlevel3                   functab      0000
intlevel4                   functab      0000
intlevel5                   functab      0000
ltemp                       (abs)        007E
ltemp0                      (abs)        007E
ltemp1                      (abs)        0082
ltemp2                      (abs)        0086
ltemp3                      (abs)        0080
main@arr1                   cstackBANK0  003E
main@arr2                   cstackBANK0  0040
main@arr3                   cstackBANK0  0042
main@arr4                   cstackBANK0  0044
main@arr5                   cstackBANK0  0046
main@choice                 cstackBANK0  0054
main@err                    cstackBANK0  004E
main@fin                    cstackBANK0  0050
main@msg1                   cstackBANK0  0048
main@msg2                   cstackBANK0  004A
main@msg3                   cstackBANK0  004C
main@msg4                   cstackBANK0  0036
main@msg5                   cstackBANK0  0038
main@msg6                   cstackBANK0  003A
main@msg7                   cstackBANK0  003C
main@msgm                   cstackBANK0  0052
reset_vec                   reset_vec    0000
stackhi                     (abs)        0000
stacklo                     (abs)        0000
start                       init         0000
start_initialization        cinit        07F4
ttemp                       (abs)        007E
ttemp0                      (abs)        007E
ttemp1                      (abs)        0081
ttemp2                      (abs)        0084
ttemp3                      (abs)        0087
ttemp4                      (abs)        007F
wtemp                       (abs)        007E
wtemp0                      (abs)        007E
wtemp1                      (abs)        0080
wtemp2                      (abs)        0082
wtemp3                      (abs)        0084
wtemp4                      (abs)        0086
wtemp5                      (abs)        0088
wtemp6                      (abs)        007F


FUNCTION INFORMATION:

 *************** function _main *****************
 Defined at:
		line 76 in file "MAsterst.c"
 Parameters:    Size  Location     Type
		None
 Auto vars:     Size  Location     Type
  msgm            2   50[BANK0 ] PTR const unsigned char 
		 -> STR_15(33), 
  fin             2   48[BANK0 ] PTR const unsigned char 
		 -> STR_14(24), 
  err             2   46[BANK0 ] PTR const unsigned char 
		 -> STR_13(52), 
  msg3            2   44[BANK0 ] PTR const unsigned char 
		 -> STR_8(36), 
  msg2            2   42[BANK0 ] PTR const unsigned char 
		 -> STR_7(36), 
  msg1            2   40[BANK0 ] PTR const unsigned char 
		 -> STR_6(36), 
  arr5            2   38[BANK0 ] PTR const unsigned char 
		 -> STR_5(19), 
  arr4            2   36[BANK0 ] PTR const unsigned char 
		 -> STR_4(19), 
  arr3            2   34[BANK0 ] PTR const unsigned char 
		 -> STR_3(20), 
  arr2            2   32[BANK0 ] PTR const unsigned char 
		 -> STR_2(97), 
  arr1            2   30[BANK0 ] PTR const unsigned char 
		 -> STR_1(22), 
  msg7            2   28[BANK0 ] PTR const unsigned char 
		 -> STR_12(18), 
  msg6            2   26[BANK0 ] PTR const unsigned char 
		 -> STR_11(19), 
  msg5            2   24[BANK0 ] PTR const unsigned char 
		 -> STR_10(12), 
  msg4            2   22[BANK0 ] PTR const unsigned char 
		 -> STR_9(15), 
  choice          1   52[BANK0 ] unsigned char 
 Return value:  Size  Location     Type
		None               void
 Registers used:
		wreg, fsr0l, fsr0h, status,2, status,0, btemp+1, pclath, cstack
 Tracked objects:
		On entry : 
		On exit  : 
		Unchanged: 
 Data sizes:     COMMON   BANK0   BANK1   BANK3   BANK2
      Params:         0       0       0       0       0
      Locals:         0      31       0       0       0
      Temps:          1       0       0       0       0
      Totals:         1      31       0       0       0
Total ram usage:       32 bytes
 Hardware stack levels required when called:    4
 This function calls:
		_I2C_Start
		_I2C_Stop
		_I2C_Write_Text
		_I2C_address_send
		_I2C_address_send1
		_I2C_address_send2
		_I2C_init
		_UART_Init
		_UART_Read
		_UART_Read_Text
		_UART_Write
		_UART_Write_Text
		_delay_ms
		_i2c_idle
 This function is called by:
		Startup code after reset
 This function uses a non-reentrant model


 *************** function _i2c_idle *****************
 Defined at:
		line 512 in file "MAsterst.c"
 Parameters:    Size  Location     Type
		None
 Auto vars:     Size  Location     Type
		None
 Return value:  Size  Location     Type
		None               void
 Registers used:
		wreg, status,2
 Tracked objects:
		On entry : 
		On exit  : 
		Unchanged: 
 Data sizes:     COMMON   BANK0   BANK1   BANK3   BANK2
      Params:         0       0       0       0       0
      Locals:         0       0       0       0       0
      Temps:          0       0       0       0       0
      Totals:         0       0       0       0       0
Total ram usage:        0 bytes
 Hardware stack levels used:    1
 This function calls:
		Nothing
 This function is called by:
		_main
 This function uses a non-reentrant model


 *************** function _delay_ms *****************
 Defined at:
		line 392 in file "MAsterst.c"
 Parameters:    Size  Location     Type
  i               2    2[COMMON] unsigned int 
 Auto vars:     Size  Location     Type
		None
 Return value:  Size  Location     Type
		None               void
 Registers used:
		wreg, status,2, status,0, pclath, cstack
 Tracked objects:
		On entry : 
		On exit  : 
		Unchanged: 
 Data sizes:     COMMON   BANK0   BANK1   BANK3   BANK2
      Params:         2       0       0       0       0
      Locals:         0       0       0       0       0
      Temps:          0       0       0       0       0
      Totals:         2       0       0       0       0
Total ram usage:        2 bytes
 Hardware stack levels used:    1
 Hardware stack levels required when called:    1
 This function calls:
		_delay1ms
 This function is called by:
		_main
 This function uses a non-reentrant model


 *************** function _delay1ms *****************
 Defined at:
		line 398 in file "MAsterst.c"
 Parameters:    Size  Location     Type
		None
 Auto vars:     Size  Location     Type
  j               2    0[COMMON] unsigned int 
 Return value:  Size  Location     Type
		None               void
 Registers used:
		wreg, status,2, status,0
 Tracked objects:
		On entry : 
		On exit  : 
		Unchanged: 
 Data sizes:     COMMON   BANK0   BANK1   BANK3   BANK2
      Params:         0       0       0       0       0
      Locals:         2       0       0       0       0
      Temps:          0       0       0       0       0
      Totals:         2       0       0       0       0
Total ram usage:        2 bytes
 Hardware stack levels used:    1
 This function calls:
		Nothing
 This function is called by:
		_delay_ms
 This function uses a non-reentrant model


 *************** function _UART_Read_Text *****************
 Defined at:
		line 468 in file "MAsterst.c"
 Parameters:    Size  Location     Type
		None
 Auto vars:     Size  Location     Type
  a               2    9[COMMON] PTR const unsigned char 
		 -> STR_17(12), 
  i               1   12[COMMON] unsigned char 
  x               1   11[COMMON] unsigned char 
 Return value:  Size  Location     Type
                  1    wreg      PTR unsigned char 
 Registers used:
		wreg, fsr0l, fsr0h, status,2, status,0, btemp+1, pclath, cstack
 Tracked objects:
		On entry : 
		On exit  : 
		Unchanged: 
 Data sizes:     COMMON   BANK0   BANK1   BANK3   BANK2
      Params:         0       0       0       0       0
      Locals:         4       0       0       0       0
      Temps:          1       0       0       0       0
      Totals:         5       0       0       0       0
Total ram usage:        5 bytes
 Hardware stack levels used:    1
 Hardware stack levels required when called:    2
 This function calls:
		_UART_Read
		_UART_Write_Text
 This function is called by:
		_main
 This function uses a non-reentrant model


 *************** function _UART_Read *****************
 Defined at:
		line 462 in file "MAsterst.c"
 Parameters:    Size  Location     Type
		None
 Auto vars:     Size  Location     Type
		None
 Return value:  Size  Location     Type
                  1    wreg      unsigned char 
 Registers used:
		wreg
 Tracked objects:
		On entry : 
		On exit  : 
		Unchanged: 
 Data sizes:     COMMON   BANK0   BANK1   BANK3   BANK2
      Params:         0       0       0       0       0
      Locals:         0       0       0       0       0
      Temps:          0       0       0       0       0
      Totals:         0       0       0       0       0
Total ram usage:        0 bytes
 Hardware stack levels used:    1
 This function calls:
		Nothing
 This function is called by:
		_main
		_UART_Read_Text
 This function uses a non-reentrant model


 *************** function _UART_Init *****************
 Defined at:
		line 404 in file "MAsterst.c"
 Parameters:    Size  Location     Type
  baudrate        4    6[BANK0 ] long 
 Auto vars:     Size  Location     Type
  x               2    9[COMMON] unsigned int 
 Return value:  Size  Location     Type
                  1    wreg      unsigned char 
 Registers used:
		wreg, status,2, status,0, pclath, cstack
 Tracked objects:
		On entry : 
		On exit  : 
		Unchanged: 
 Data sizes:     COMMON   BANK0   BANK1   BANK3   BANK2
      Params:         0       4       0       0       0
      Locals:         2       0       0       0       0
      Temps:          0      12       0       0       0
      Totals:         2      16       0       0       0
Total ram usage:       18 bytes
 Hardware stack levels used:    1
 Hardware stack levels required when called:    1
 This function calls:
		___aldiv
 This function is called by:
		_main
 This function uses a non-reentrant model


 *************** function ___aldiv *****************
 Defined at:
		line 6 in file "C:\Program Files (x86)\Microchip\xc8\v1.33\sources\common\aldiv.c"
 Parameters:    Size  Location     Type
  divisor         4    0[COMMON] long 
  dividend        4    4[COMMON] long 
 Auto vars:     Size  Location     Type
  quotient        4    2[BANK0 ] long 
  sign            1    1[BANK0 ] unsigned char 
  counter         1    0[BANK0 ] unsigned char 
 Return value:  Size  Location     Type
                  4    0[COMMON] long 
 Registers used:
		wreg, status,2, status,0
 Tracked objects:
		On entry : 
		On exit  : 
		Unchanged: 
 Data sizes:     COMMON   BANK0   BANK1   BANK3   BANK2
      Params:         8       0       0       0       0
      Locals:         0       6       0       0       0
      Temps:          1       0       0       0       0
      Totals:         9       6       0       0       0
Total ram usage:       15 bytes
 Hardware stack levels used:    1
 This function calls:
		Nothing
 This function is called by:
		_UART_Init
 This function uses a non-reentrant model


 *************** function _I2C_init *****************
 Defined at:
		line 198 in file "MAsterst.c"
 Parameters:    Size  Location     Type
		None
 Auto vars:     Size  Location     Type
		None
 Return value:  Size  Location     Type
		None               void
 Registers used:
		wreg, status,2, status,0
 Tracked objects:
		On entry : 
		On exit  : 
		Unchanged: 
 Data sizes:     COMMON   BANK0   BANK1   BANK3   BANK2
      Params:         0       0       0       0       0
      Locals:         0       0       0       0       0
      Temps:          1       0       0       0       0
      Totals:         1       0       0       0       0
Total ram usage:        1 bytes
 Hardware stack levels used:    1
 This function calls:
		Nothing
 This function is called by:
		_main
 This function uses a non-reentrant model


 *************** function _I2C_address_send2 *****************
 Defined at:
		line 336 in file "MAsterst.c"
 Parameters:    Size  Location     Type
		None
 Auto vars:     Size  Location     Type
		None
 Return value:  Size  Location     Type
                  1    wreg      unsigned char 
 Registers used:
		wreg, status,2
 Tracked objects:
		On entry : 
		On exit  : 
		Unchanged: 
 Data sizes:     COMMON   BANK0   BANK1   BANK3   BANK2
      Params:         0       0       0       0       0
      Locals:         0       0       0       0       0
      Temps:          0       0       0       0       0
      Totals:         0       0       0       0       0
Total ram usage:        0 bytes
 Hardware stack levels used:    1
 This function calls:
		Nothing
 This function is called by:
		_main
 This function uses a non-reentrant model


 *************** function _I2C_address_send1 *****************
 Defined at:
		line 320 in file "MAsterst.c"
 Parameters:    Size  Location     Type
		None
 Auto vars:     Size  Location     Type
		None
 Return value:  Size  Location     Type
                  1    wreg      unsigned char 
 Registers used:
		wreg, status,2
 Tracked objects:
		On entry : 
		On exit  : 
		Unchanged: 
 Data sizes:     COMMON   BANK0   BANK1   BANK3   BANK2
      Params:         0       0       0       0       0
      Locals:         0       0       0       0       0
      Temps:          0       0       0       0       0
      Totals:         0       0       0       0       0
Total ram usage:        0 bytes
 Hardware stack levels used:    1
 This function calls:
		Nothing
 This function is called by:
		_main
 This function uses a non-reentrant model


 *************** function _I2C_address_send *****************
 Defined at:
		line 304 in file "MAsterst.c"
 Parameters:    Size  Location     Type
		None
 Auto vars:     Size  Location     Type
		None
 Return value:  Size  Location     Type
                  1    wreg      unsigned char 
 Registers used:
		wreg, status,2
 Tracked objects:
		On entry : 
		On exit  : 
		Unchanged: 
 Data sizes:     COMMON   BANK0   BANK1   BANK3   BANK2
      Params:         0       0       0       0       0
      Locals:         0       0       0       0       0
      Temps:          0       0       0       0       0
      Totals:         0       0       0       0       0
Total ram usage:        0 bytes
 Hardware stack levels used:    1
 This function calls:
		Nothing
 This function is called by:
		_main
 This function uses a non-reentrant model


 *************** function _I2C_Write_Text *****************
 Defined at:
		line 294 in file "MAsterst.c"
 Parameters:    Size  Location     Type
  s               1    wreg     PTR const unsigned char 
		 -> NULL(0), UART_Read_Text@string(20), 
 Auto vars:     Size  Location     Type
  s               1   12[COMMON] PTR const unsigned char 
		 -> NULL(0), UART_Read_Text@string(20), 
  i               2   10[COMMON] int 
 Return value:  Size  Location     Type
		None               void
 Registers used:
		wreg, fsr0l, fsr0h, status,2, status,0, btemp+1, pclath, cstack
 Tracked objects:
		On entry : 
		On exit  : 
		Unchanged: 
 Data sizes:     COMMON   BANK0   BANK1   BANK3   BANK2
      Params:         0       0       0       0       0
      Locals:         3       0       0       0       0
      Temps:          1       0       0       0       0
      Totals:         4       0       0       0       0
Total ram usage:        4 bytes
 Hardware stack levels used:    1
 Hardware stack levels required when called:    3
 This function calls:
		_I2C_Write
 This function is called by:
		_main
 This function uses a non-reentrant model


 *************** function _I2C_Write *****************
 Defined at:
		line 250 in file "MAsterst.c"
 Parameters:    Size  Location     Type
  Data            1    wreg     unsigned char 
 Auto vars:     Size  Location     Type
  Data            1    8[COMMON] unsigned char 
 Return value:  Size  Location     Type
		None               void
 Registers used:
		wreg, fsr0l, fsr0h, status,2, status,0, btemp+1, pclath, cstack
 Tracked objects:
		On entry : 
		On exit  : 
		Unchanged: 
 Data sizes:     COMMON   BANK0   BANK1   BANK3   BANK2
      Params:         0       0       0       0       0
      Locals:         1       0       0       0       0
      Temps:          0       0       0       0       0
      Totals:         1       0       0       0       0
Total ram usage:        1 bytes
 Hardware stack levels used:    1
 Hardware stack levels required when called:    2
 This function calls:
		_UART_Write_Text
 This function is called by:
		_I2C_Write_Text
 This function uses a non-reentrant model


 *************** function _UART_Write_Text *****************
 Defined at:
		line 448 in file "MAsterst.c"
 Parameters:    Size  Location     Type
  text            2    1[COMMON] PTR const unsigned char 
		 -> NULL(0), UART_Read_Text@string(20), STR_17(12), STR_16(20), 
		 -> STR_15(33), STR_14(24), STR_13(52), STR_8(36), 
		 -> STR_7(36), STR_6(36), STR_5(19), STR_4(19), 
		 -> STR_3(20), STR_2(97), STR_1(22), 
 Auto vars:     Size  Location     Type
  i               2    6[COMMON] int 
 Return value:  Size  Location     Type
		None               void
 Registers used:
		wreg, fsr0l, fsr0h, status,2, status,0, btemp+1, pclath, cstack
 Tracked objects:
		On entry : 
		On exit  : 
		Unchanged: 
 Data sizes:     COMMON   BANK0   BANK1   BANK3   BANK2
      Params:         2       0       0       0       0
      Locals:         2       0       0       0       0
      Temps:          3       0       0       0       0
      Totals:         7       0       0       0       0
Total ram usage:        7 bytes
 Hardware stack levels used:    1
 Hardware stack levels required when called:    1
 This function calls:
		_UART_Write
 This function is called by:
		_main
		_I2C_Write
		_UART_Read_Text
 This function uses a non-reentrant model


 *************** function _UART_Write *****************
 Defined at:
		line 436 in file "MAsterst.c"
 Parameters:    Size  Location     Type
  data            1    wreg     unsigned char 
 Auto vars:     Size  Location     Type
  data            1    0[COMMON] unsigned char 
 Return value:  Size  Location     Type
		None               void
 Registers used:
		wreg
 Tracked objects:
		On entry : 
		On exit  : 
		Unchanged: 
 Data sizes:     COMMON   BANK0   BANK1   BANK3   BANK2
      Params:         0       0       0       0       0
      Locals:         1       0       0       0       0
      Temps:          0       0       0       0       0
      Totals:         1       0       0       0       0
Total ram usage:        1 bytes
 Hardware stack levels used:    1
 This function calls:
		Nothing
 This function is called by:
		_main
		_UART_Write_Text
 This function uses a non-reentrant model


 *************** function _I2C_Stop *****************
 Defined at:
		line 231 in file "MAsterst.c"
 Parameters:    Size  Location     Type
		None
 Auto vars:     Size  Location     Type
		None
 Return value:  Size  Location     Type
		None               void
 Registers used:
		None
 Tracked objects:
		On entry : 
		On exit  : 
		Unchanged: 
 Data sizes:     COMMON   BANK0   BANK1   BANK3   BANK2
      Params:         0       0       0       0       0
      Locals:         0       0       0       0       0
      Temps:          0       0       0       0       0
      Totals:         0       0       0       0       0
Total ram usage:        0 bytes
 Hardware stack levels used:    1
 This function calls:
		Nothing
 This function is called by:
		_main
 This function uses a non-reentrant model


 *************** function _I2C_Start *****************
 Defined at:
		line 213 in file "MAsterst.c"
 Parameters:    Size  Location     Type
		None
 Auto vars:     Size  Location     Type
		None
 Return value:  Size  Location     Type
		None               void
 Registers used:
		None
 Tracked objects:
		On entry : 
		On exit  : 
		Unchanged: 
 Data sizes:     COMMON   BANK0   BANK1   BANK3   BANK2
      Params:         0       0       0       0       0
      Locals:         0       0       0       0       0
      Temps:          0       0       0       0       0
      Totals:         0       0       0       0       0
Total ram usage:        0 bytes
 Hardware stack levels used:    1
 This function calls:
		Nothing
 This function is called by:
		_main
 This function uses a non-reentrant model



MODULE INFORMATION

Module		Function		Class		Link	Load	Size
MAsterst.c
		_I2C_init      		CODE           	042B	0000	20
		_UART_Read     		CODE           	03C2	0000	6
		_UART_Init     		CODE           	0597	0000	241
		_main          		CODE           	0688	0000	364
		_I2C_Write     		CODE           	0418	0000	19
		_UART_Write_Tex		CODE           	04CB	0000	61
		_UART_Read_Text		CODE           	04A0	0000	43
		_i2c_idle      		CODE           	03E2	0000	9
		_I2C_address_se		CODE           	0455	0000	22
		_I2C_address_se		CODE           	046B	0000	22
		_I2C_Stop      		CODE           	03D9	0000	9
		_I2C_Write_Text		CODE           	0481	0000	31
		_delay_ms      		CODE           	0408	0000	16
		_UART_Write    		CODE           	03EB	0000	14
		_I2C_Start     		CODE           	03D0	0000	9
		_delay1ms      		CODE           	03F9	0000	15
		_I2C_address_se		CODE           	043F	0000	22

MAsterst.c estimated size: 923

shared
		__stringtab    		STRING         	0003	0000	18
		__stringdata   		STRCODE        	0800	0000	490
		__initializatio		CODE           	07F4	0000	8

shared estimated size: 516

C:\Program Files (x86)\Microchip\xc8\v1.33\sources\common\aldiv.c
		___aldiv       		CODE           	0508	0000	143

C:\Program Files (x86)\Microchip\xc8\v1.33\sources\common\aldiv.c estimated size: 143

