Microchip MPLAB XC8 Compiler V1.33 ()

Linker command line:

--edf=C:\Program Files (x86)\Microchip\xc8\v1.33\dat\en_msgs.txt -cs \
  -h+dist/default/production\MASTERSTR.X.production.sym \
  --cmf=dist/default/production\MASTERSTR.X.production.cmf -z -Q16F886 \
  -oC:\Users\Abhi\AppData\Local\Temp\s5rg.6 \
  -Mdist/default/production/MASTERSTR.X.production.map -E1 -ver=XC8 \
  -ASTACK=0110h-016fh -pstack=STACK -ACONST=00h-0FFhx32 -ACODE=00h-07FFhx4 \
  -ASTRCODE=00h-01FFFh -AENTRY=00h-0FFhx32 -ASTRING=00h-0FFhx32 \
  -ACOMMON=070h-07Fh -ABANK0=020h-06Fh -ABANK1=0A0h-0EFh \
  -ABANK2=0110h-016Fh -ABANK3=0190h-01EFh \
  -ARAM=020h-06Fh,0A0h-0EFh,0110h-016Fh,0190h-01EFh \
  -AABS1=020h-07Fh,0A0h-0EFh,0110h-016Fh,0190h-01EFh -ASFR0=00h-01Fh \
  -ASFR1=080h-09Fh -ASFR2=0100h-010Fh -ASFR3=0180h-018Fh \
  -preset_vec=00h,intentry,init,end_init -ppowerup=CODE -pcinit=CODE \
  -pfunctab=CODE -ACONFIG=02007h-02008h -pconfig=CONFIG -DCONFIG=2 \
  -AIDLOC=02000h-02003h -pidloc=IDLOC -DIDLOC=2 -AEEDATA=00h-0FFh/02100h \
  -peeprom_data=EEDATA -DEEDATA=2 -DCODE=2 -DSTRCODE=2 -DSTRING=2 -DCONST=2 \
  -DENTRY=2 -k C:\Users\Abhi\AppData\Local\Temp\s5rg.obj \
  dist/default/production\MASTERSTR.X.production.obj 

Object code version is 3.11

Machine type is 16F886



                Name                               Link     Load   Length Selector   Space Scale
C:\Users\Abhi\AppData\Local\Temp\s5rg.obj
                end_init                              0        0        3        0       0
                config                             2007     2007        2     400E       0
dist/default/production\MASTERSTR.X.production.obj
                cinit                               7F4      7F4        C      FE8       0
                text17                              38C      38C        9      718       0
                text16                              395      395        9      72A       0
                text15                              3A7      3A7        E      74E       0
                text14                              487      487       3D      90E       0
                text13                              3D4      3D4       13      7A8       0
                text12                              43D      43D       1F      87A       0
                text11                              3FB      3FB       16      7F6       0
                text10                              411      411       16      822       0
                text9                               427      427       16      84E       0
                text8                               3E7      3E7       14      7CE       0
                text7                               4C4      4C4       8F      988       0
                text6                               553      553       F1      AA6       0
                text5                               37E      37E        6      6FC       0
                text4                               45C      45C       2B      8B8       0
                text3                               3B5      3B5        F      76A       0
                text2                               3C4      3C4       10      788       0
                text1                               39E      39E        9      73C       0
                maintext                            644      644      1B0      C88       0
                cstackBANK0                          20       20       33       20       1
                cstackCOMMON                         70       70        E       70       1
                clrtext                             384      384        8      708       0
                bssBANK0                             53       53       18       20       1
                bitbssBANK0                         358       6B        1       20       1     8
                stringtext                          800      800      20C       10       0
                strings                               3        3       12        6       0

TOTAL           Name                               Link     Load   Length     Space
        CLASS   STACK          

        CLASS   CONST          

        CLASS   CODE           
                end_init                              0        0        3         0
                cinit                               7F4      7F4        C         0
                text17                              38C      38C        9         0
                text16                              395      395        9         0
                text15                              3A7      3A7        E         0
                text14                              487      487       3D         0
                text13                              3D4      3D4       13         0
                text12                              43D      43D       1F         0
                text11                              3FB      3FB       16         0
                text10                              411      411       16         0
                text9                               427      427       16         0
                text8                               3E7      3E7       14         0
                text7                               4C4      4C4       8F         0
                text6                               553      553       F1         0
                text5                               37E      37E        6         0
                text4                               45C      45C       2B         0
                text3                               3B5      3B5        F         0
                text2                               3C4      3C4       10         0
                text1                               39E      39E        9         0
                maintext                            644      644      1B0         0
                clrtext                             384      384        8         0

        CLASS   STRCODE        
                stringtext                          800      800      20C         0

        CLASS   ENTRY          

        CLASS   STRING         
                strings                               3        3       12         0

        CLASS   COMMON         
                cstackCOMMON                         70       70        E         1

        CLASS   BANK0          
                cstackBANK0                          20       20       33         1
                bssBANK0                             53       53       18         1
                bitbssBANK0                         358       6B        1         1

        CLASS   BANK1          

        CLASS   BANK2          

        CLASS   BANK3          

        CLASS   RAM            

        CLASS   ABS1           
                abs_s1                               7E       7E        2         1

        CLASS   SFR0           

        CLASS   SFR1           

        CLASS   SFR2           

        CLASS   SFR3           

        CLASS   CONFIG         
                config                             2007     2007        2         0

        CLASS   IDLOC          

        CLASS   EEDATA         



SEGMENTS        Name                           Load    Length   Top    Selector   Space  Class     Delta

                reset_vec                      000000  000003  000003         0       0  CODE        2
                strings                        000003  000012  000015         6       0  STRING      2
                cstackBANK0                    000020  00004C  00006C        20       1  BANK0       1
                cstackCOMMON                   000070  00000E  00007E        70       1  COMMON      1
                text5                          00037E  000006  000384       6FC       0  CODE        2
                clrtext                        000384  000008  00038C       708       0  CODE        2
                text17                         00038C  000009  000395       718       0  CODE        2
                text16                         000395  000009  00039E       72A       0  CODE        2
                text1                          00039E  000009  0003A7       73C       0  CODE        2
                text15                         0003A7  00000E  0003B5       74E       0  CODE        2
                text3                          0003B5  00000F  0003C4       76A       0  CODE        2
                text2                          0003C4  000010  0003D4       788       0  CODE        2
                text13                         0003D4  000013  0003E7       7A8       0  CODE        2
                text8                          0003E7  000014  0003FB       7CE       0  CODE        2
                text11                         0003FB  000016  000411       7F6       0  CODE        2
                text10                         000411  000016  000427       822       0  CODE        2
                text9                          000427  000016  00043D       84E       0  CODE        2
                text12                         00043D  00001F  00045C       87A       0  CODE        2
                text4                          00045C  00002B  000487       8B8       0  CODE        2
                text14                         000487  00003D  0004C4       90E       0  CODE        2
                text7                          0004C4  00008F  000553       988       0  CODE        2
                text6                          000553  0000F1  000644       AA6       0  CODE        2
                maintext                       000644  0001B0  0007F4       C88       0  CODE        2
                cinit                          0007F4  00000C  000800       FE8       0  CODE        2
                stringtext                     000800  00020C  000A0C        10       0  STRCODE     2
                config                         002007  000002  002009      400E       0  CONFIG      2


UNUSED ADDRESS RANGES

        Name                Unused          Largest block    Delta
        BANK0            006C-006F              4           1
        BANK1            00A0-00EF             50           1
        BANK2            0110-016F             60           1
        BANK3            0190-01EF             60           1
        CODE             0015-037D            369           2
                         0A0C-1FFF            800
        CONST            0015-037D            100           2
                         0A0C-1FFF            100
        EEDATA           2100-21FF            100           2
        ENTRY            0015-037D            100           2
                         0A0C-1FFF            100
        IDLOC            2000-2003              4           2
        RAM              006C-006F              4           1
                         00A0-00EF             50
                         0110-016F             60
                         0190-01EF             60
        SFR0             0000-001F             20           1
        SFR1             0080-009F             20           1
        SFR2             0100-010F             10           1
        SFR3             0180-018F             10           1
        STACK            0110-016F             60           1
        STRCODE          0015-037D            369           2
                         0A0C-1FFF           15F4
        STRING           0015-037D            100           2
                         0A0C-1FFF            100

                                  Symbol Table

?___aldiv                   cstackCOMMON 0070
I2C_Write@Data              cstackCOMMON 0078
I2C_Write_Text@i            cstackCOMMON 007A
I2C_Write_Text@s            cstackCOMMON 007C
I2C_address_send1@con       bssBANK0     0053
I2C_address_send2@con       bssBANK0     0054
I2C_address_send@con        bssBANK0     0055
UART_Init@baudrate          cstackBANK0  0026
UART_Init@x                 cstackCOMMON 0079
UART_Read_Text@a            cstackCOMMON 0079
UART_Read_Text@i            cstackCOMMON 007C
UART_Read_Text@string       bssBANK0     0057
UART_Read_Text@x            cstackCOMMON 007B
UART_Write@data             cstackCOMMON 0070
UART_Write_Text@i           cstackCOMMON 0076
UART_Write_Text@text        cstackCOMMON 0071
_BRGH                       (abs)        04C2
_CREN                       (abs)        00C4
_I2C_Start                  text17       038C
_I2C_Stop                   text16       0395
_I2C_Write                  text13       03D4
_I2C_Write_Text             text12       043D
_I2C_address_send           text11       03FB
_I2C_address_send1          text10       0411
_I2C_address_send2          text9        0427
_I2C_init                   text8        03E7
_IC2_ack                    bitbssBANK0  0358
_INTCON                     (abs)        000B
_OSCCONbits                 (abs)        008F
_PIR1bits                   (abs)        000C
_RCIF                       (abs)        0065
_RCREG                      (abs)        001A
_SPBRG                      (abs)        0099
_SPEN                       (abs)        00C7
_SSPADD                     (abs)        0093
_SSPBUF                     (abs)        0013
_SSPCON                     (abs)        0014
_SSPCON2                    (abs)        0091
_SSPCON2bits                (abs)        0091
_SSPIF                      (abs)        0063
_SSPSTAT                    (abs)        0094
_SSPSTATbits                (abs)        0094
_SYNC                       (abs)        04C4
_TRISCbits                  (abs)        0087
_TRMT                       (abs)        04C1
_TXEN                       (abs)        04C5
_TXIF                       (abs)        0064
_TXREG                      (abs)        0019
_UART_Init                  text6        0553
_UART_Read                  text5        037E
_UART_Read_Text             text4        045C
_UART_Write                 text15       03A7
_UART_Write_Text            text14       0487
__CFG_BOR4V$BOR40V          (abs)        0000
__CFG_BOREN$ON              (abs)        0000
__CFG_CP$OFF                (abs)        0000
__CFG_CPD$OFF               (abs)        0000
__CFG_FCMEN$OFF             (abs)        0000
__CFG_FOSC$INTRC_NOCLKOUT   (abs)        0000
__CFG_IESO$OFF              (abs)        0000
__CFG_LVP$OFF               (abs)        0000
__CFG_MCLRE$ON              (abs)        0000
__CFG_PWRTE$OFF             (abs)        0000
__CFG_WDTE$OFF              (abs)        0000
__CFG_WRT$OFF               (abs)        0000
__Habs1                     abs1         0000
__Hbank0                    bank0        0000
__Hbank1                    bank1        0000
__Hbank2                    bank2        0000
__Hbank3                    bank3        0000
__HbitbssBANK0              bitbssBANK0  0000
__HbssBANK0                 bssBANK0     0000
__Hcinit                    cinit        0800
__Hclrtext                  clrtext      0000
__Hcode                     code         0000
__Hcommon                   common       0000
__Hconfig                   config       2009
__HcstackBANK0              cstackBANK0  0000
__HcstackCOMMON             cstackCOMMON 0000
__Heeprom_data              eeprom_data  0000
__Hend_init                 end_init     0003
__Hfunctab                  functab      0000
__Hidloc                    idloc        0000
__Hinit                     init         0000
__Hintentry                 intentry     0000
__Hmaintext                 maintext     0000
__Hpowerup                  powerup      0000
__Hram                      ram          0000
__Hreset_vec                reset_vec    0000
__Hsfr0                     sfr0         0000
__Hsfr1                     sfr1         0000
__Hsfr2                     sfr2         0000
__Hsfr3                     sfr3         0000
__Hspace_0                  (abs)        2009
__Hspace_1                  (abs)        0359
__Hspace_2                  (abs)        0000
__Hspace_3                  (abs)        0000
__Hstack                    stack        0000
__Hstrings                  strings      0000
__Hstringtext               stringtext   0000
__Htext                     text         0000
__Labs1                     abs1         0000
__Lbank0                    bank0        0000
__Lbank1                    bank1        0000
__Lbank2                    bank2        0000
__Lbank3                    bank3        0000
__LbitbssBANK0              bitbssBANK0  0000
__LbssBANK0                 bssBANK0     0000
__Lcinit                    cinit        07F4
__Lclrtext                  clrtext      0000
__Lcode                     code         0000
__Lcommon                   common       0000
__Lconfig                   config       2007
__LcstackBANK0              cstackBANK0  0000
__LcstackCOMMON             cstackCOMMON 0000
__Leeprom_data              eeprom_data  0000
__Lend_init                 end_init     0000
__Lfunctab                  functab      0000
__Lidloc                    idloc        0000
__Linit                     init         0000
__Lintentry                 intentry     0000
__Lmaintext                 maintext     0000
__Lpowerup                  powerup      0000
__Lram                      ram          0000
__Lreset_vec                reset_vec    0000
__Lsfr0                     sfr0         0000
__Lsfr1                     sfr1         0000
__Lsfr2                     sfr2         0000
__Lsfr3                     sfr3         0000
__Lspace_0                  (abs)        0000
__Lspace_1                  (abs)        0000
__Lspace_2                  (abs)        0000
__Lspace_3                  (abs)        0000
__Lstack                    stack        0000
__Lstrings                  strings      0000
__Lstringtext               stringtext   0000
__Ltext                     text         0000
__S0                        (abs)        2009
__S1                        (abs)        007E
__S2                        (abs)        0000
__S3                        (abs)        0000
___aldiv                    text7        04C4
___aldiv@counter            cstackBANK0  0020
___aldiv@dividend           cstackCOMMON 0074
___aldiv@divisor            cstackCOMMON 0070
___aldiv@quotient           cstackBANK0  0022
___aldiv@sign               cstackBANK0  0021
___int_sp                   stack        0000
___latbits                  (abs)        0002
___sp                       stack        0000
__end_of_I2C_Start          text17       0395
__end_of_I2C_Stop           text16       039E
__end_of_I2C_Write          text13       03E7
__end_of_I2C_Write_Text     text12       045C
__end_of_I2C_address_send   text11       0411
__end_of_I2C_address_send1  text10       0427
__end_of_I2C_address_send2  text9        043D
__end_of_I2C_init           text8        03FB
__end_of_UART_Init          text6        0644
__end_of_UART_Read          text5        0384
__end_of_UART_Read_Text     text4        0487
__end_of_UART_Write         text15       03B5
__end_of_UART_Write_Text    text14       04C4
__end_of___aldiv            text7        0553
__end_of__initialization    cinit        07FC
__end_of__stringdata        stringtext   0A0C
__end_of__stringtab         strings      0015
__end_of_delay1ms           text3        03C4
__end_of_delay_ms           text2        03D4
__end_of_i2c_idle           text1        03A7
__end_of_main               maintext     07F4
__initialization            cinit        07F4
__pbitbssBANK0              bitbssBANK0  0358
__pbssBANK0                 bssBANK0     0053
__pcstackBANK0              cstackBANK0  0020
__pcstackCOMMON             cstackCOMMON 0070
__pmaintext                 maintext     0644
__pstrings                  strings      0003
__pstringtext               stringtext   0800
__ptext1                    text1        039E
__ptext10                   text10       0411
__ptext11                   text11       03FB
__ptext12                   text12       043D
__ptext13                   text13       03D4
__ptext14                   text14       0487
__ptext15                   text15       03A7
__ptext16                   text16       0395
__ptext17                   text17       038C
__ptext2                    text2        03C4
__ptext3                    text3        03B5
__ptext4                    text4        045C
__ptext5                    text5        037E
__ptext6                    text6        0553
__ptext7                    text7        04C4
__ptext8                    text8        03E7
__ptext9                    text9        0427
__size_of_I2C_Start         (abs)        0000
__size_of_I2C_Stop          (abs)        0000
__size_of_I2C_Write         (abs)        0000
__size_of_I2C_Write_Text    (abs)        0000
__size_of_I2C_address_send  (abs)        0000
__size_of_I2C_address_send1 (abs)        0000
__size_of_I2C_address_send2 (abs)        0000
__size_of_I2C_init          (abs)        0000
__size_of_UART_Init         (abs)        0000
__size_of_UART_Read         (abs)        0000
__size_of_UART_Read_Text    (abs)        0000
__size_of_UART_Write        (abs)        0000
__size_of_UART_Write_Text   (abs)        0000
__size_of___aldiv           (abs)        0000
__size_of_delay1ms          (abs)        0000
__size_of_delay_ms          (abs)        0000
__size_of_i2c_idle          (abs)        0000
__size_of_main              (abs)        0000
__stringbase                strings      0015
__stringdata                stringtext   0800
__stringtab                 strings      0003
_delay1ms                   text3        03B5
_delay_ms                   text2        03C4
_i2c_idle                   text1        039E
_is                         bssBANK0     0056
_main                       maintext     0644
btemp                       (abs)        007E
clear_ram0                  clrtext      0384
delay1ms@j                  cstackCOMMON 0070
delay_ms@i                  cstackCOMMON 0072
end_of_initialization       cinit        07FC
intlevel0                   functab      0000
intlevel1                   functab      0000
intlevel2                   functab      0000
intlevel3                   functab      0000
intlevel4                   functab      0000
intlevel5                   functab      0000
ltemp                       (abs)        007E
ltemp0                      (abs)        007E
ltemp1                      (abs)        0082
ltemp2                      (abs)        0086
ltemp3                      (abs)        0080
main@arr1                   cstackBANK0  003C
main@arr2                   cstackBANK0  003E
main@arr3                   cstackBANK0  0040
main@arr4                   cstackBANK0  0042
main@arr5                   cstackBANK0  0044
main@choice                 cstackBANK0  0052
main@err                    cstackBANK0  004C
main@fin                    cstackBANK0  004E
main@mas                    cstackBANK0  003A
main@msg1                   cstackBANK0  0046
main@msg2                   cstackBANK0  0048
main@msg3                   cstackBANK0  004A
main@msg4                   cstackBANK0  0036
main@msg5                   cstackBANK0  0038
main@msgm                   cstackBANK0  0050
reset_vec                   reset_vec    0000
stackhi                     (abs)        0000
stacklo                     (abs)        0000
start                       init         0000
start_initialization        cinit        07F4
ttemp                       (abs)        007E
ttemp0                      (abs)        007E
ttemp1                      (abs)        0081
ttemp2                      (abs)        0084
ttemp3                      (abs)        0087
ttemp4                      (abs)        007F
wtemp                       (abs)        007E
wtemp0                      (abs)        007E
wtemp1                      (abs)        0080
wtemp2                      (abs)        0082
wtemp3                      (abs)        0084
wtemp4                      (abs)        0086
wtemp5                      (abs)        0088
wtemp6                      (abs)        007F


FUNCTION INFORMATION:

 *************** function _main *****************
 Defined at:
		line 75 in file "Masterst.c"
 Parameters:    Size  Location     Type
		None
 Auto vars:     Size  Location     Type
  msgm            2   48[BANK0 ] PTR const unsigned char 
		 -> STR_14(36), 
  fin             2   46[BANK0 ] PTR const unsigned char 
		 -> STR_13(27), 
  err             2   44[BANK0 ] PTR const unsigned char 
		 -> STR_12(54), 
  msg3            2   42[BANK0 ] PTR const unsigned char 
		 -> STR_9(38), 
  msg2            2   40[BANK0 ] PTR const unsigned char 
		 -> STR_8(38), 
  msg1            2   38[BANK0 ] PTR const unsigned char 
		 -> STR_7(38), 
  arr5            2   36[BANK0 ] PTR const unsigned char 
		 -> STR_6(21), 
  arr4            2   34[BANK0 ] PTR const unsigned char 
		 -> STR_5(21), 
  arr3            2   32[BANK0 ] PTR const unsigned char 
		 -> STR_4(20), 
  arr2            2   30[BANK0 ] PTR const unsigned char 
		 -> STR_3(97), 
  arr1            2   28[BANK0 ] PTR const unsigned char 
		 -> STR_2(24), 
  mas             2   26[BANK0 ] PTR const unsigned char 
		 -> STR_1(50), 
  msg5            2   24[BANK0 ] PTR const unsigned char 
		 -> STR_11(14), 
  msg4            2   22[BANK0 ] PTR const unsigned char 
		 -> STR_10(17), 
  choice          1   50[BANK0 ] unsigned char 
 Return value:  Size  Location     Type
		None               void
 Registers used:
		wreg, fsr0l, fsr0h, status,2, status,0, btemp+1, pclath, cstack
 Tracked objects:
		On entry : 
		On exit  : 
		Unchanged: 
 Data sizes:     COMMON   BANK0   BANK1   BANK3   BANK2
      Params:         0       0       0       0       0
      Locals:         0      29       0       0       0
      Temps:          1       0       0       0       0
      Totals:         1      29       0       0       0
Total ram usage:       30 bytes
 Hardware stack levels required when called:    4
 This function calls:
		_I2C_Start
		_I2C_Stop
		_I2C_Write
		_I2C_Write_Text
		_I2C_address_send
		_I2C_address_send1
		_I2C_address_send2
		_I2C_init
		_UART_Init
		_UART_Read
		_UART_Read_Text
		_UART_Write
		_UART_Write_Text
		_delay_ms
		_i2c_idle
 This function is called by:
		Startup code after reset
 This function uses a non-reentrant model


 *************** function _i2c_idle *****************
 Defined at:
		line 451 in file "Masterst.c"
 Parameters:    Size  Location     Type
		None
 Auto vars:     Size  Location     Type
		None
 Return value:  Size  Location     Type
		None               void
 Registers used:
		wreg, status,2
 Tracked objects:
		On entry : 
		On exit  : 
		Unchanged: 
 Data sizes:     COMMON   BANK0   BANK1   BANK3   BANK2
      Params:         0       0       0       0       0
      Locals:         0       0       0       0       0
      Temps:          0       0       0       0       0
      Totals:         0       0       0       0       0
Total ram usage:        0 bytes
 Hardware stack levels used:    1
 This function calls:
		Nothing
 This function is called by:
		_main
 This function uses a non-reentrant model


 *************** function _delay_ms *****************
 Defined at:
		line 335 in file "Masterst.c"
 Parameters:    Size  Location     Type
  i               2    2[COMMON] unsigned int 
 Auto vars:     Size  Location     Type
		None
 Return value:  Size  Location     Type
		None               void
 Registers used:
		wreg, status,2, status,0, pclath, cstack
 Tracked objects:
		On entry : 
		On exit  : 
		Unchanged: 
 Data sizes:     COMMON   BANK0   BANK1   BANK3   BANK2
      Params:         2       0       0       0       0
      Locals:         0       0       0       0       0
      Temps:          0       0       0       0       0
      Totals:         2       0       0       0       0
Total ram usage:        2 bytes
 Hardware stack levels used:    1
 Hardware stack levels required when called:    1
 This function calls:
		_delay1ms
 This function is called by:
		_main
 This function uses a non-reentrant model


 *************** function _delay1ms *****************
 Defined at:
		line 341 in file "Masterst.c"
 Parameters:    Size  Location     Type
		None
 Auto vars:     Size  Location     Type
  j               2    0[COMMON] unsigned int 
 Return value:  Size  Location     Type
		None               void
 Registers used:
		wreg, status,2, status,0
 Tracked objects:
		On entry : 
		On exit  : 
		Unchanged: 
 Data sizes:     COMMON   BANK0   BANK1   BANK3   BANK2
      Params:         0       0       0       0       0
      Locals:         2       0       0       0       0
      Temps:          0       0       0       0       0
      Totals:         2       0       0       0       0
Total ram usage:        2 bytes
 Hardware stack levels used:    1
 This function calls:
		Nothing
 This function is called by:
		_delay_ms
 This function uses a non-reentrant model


 *************** function _UART_Read_Text *****************
 Defined at:
		line 407 in file "Masterst.c"
 Parameters:    Size  Location     Type
		None
 Auto vars:     Size  Location     Type
  a               2    9[COMMON] PTR const unsigned char 
		 -> STR_16(12), 
  i               1   12[COMMON] unsigned char 
  x               1   11[COMMON] unsigned char 
 Return value:  Size  Location     Type
                  1    wreg      PTR unsigned char 
 Registers used:
		wreg, fsr0l, fsr0h, status,2, status,0, btemp+1, pclath, cstack
 Tracked objects:
		On entry : 
		On exit  : 
		Unchanged: 
 Data sizes:     COMMON   BANK0   BANK1   BANK3   BANK2
      Params:         0       0       0       0       0
      Locals:         4       0       0       0       0
      Temps:          1       0       0       0       0
      Totals:         5       0       0       0       0
Total ram usage:        5 bytes
 Hardware stack levels used:    1
 Hardware stack levels required when called:    2
 This function calls:
		_UART_Read
		_UART_Write_Text
 This function is called by:
		_main
 This function uses a non-reentrant model


 *************** function _UART_Read *****************
 Defined at:
		line 401 in file "Masterst.c"
 Parameters:    Size  Location     Type
		None
 Auto vars:     Size  Location     Type
		None
 Return value:  Size  Location     Type
                  1    wreg      unsigned char 
 Registers used:
		wreg
 Tracked objects:
		On entry : 
		On exit  : 
		Unchanged: 
 Data sizes:     COMMON   BANK0   BANK1   BANK3   BANK2
      Params:         0       0       0       0       0
      Locals:         0       0       0       0       0
      Temps:          0       0       0       0       0
      Totals:         0       0       0       0       0
Total ram usage:        0 bytes
 Hardware stack levels used:    1
 This function calls:
		Nothing
 This function is called by:
		_main
		_UART_Read_Text
 This function uses a non-reentrant model


 *************** function _UART_Init *****************
 Defined at:
		line 347 in file "Masterst.c"
 Parameters:    Size  Location     Type
  baudrate        4    6[BANK0 ] long 
 Auto vars:     Size  Location     Type
  x               2    9[COMMON] unsigned int 
 Return value:  Size  Location     Type
                  1    wreg      unsigned char 
 Registers used:
		wreg, status,2, status,0, pclath, cstack
 Tracked objects:
		On entry : 
		On exit  : 
		Unchanged: 
 Data sizes:     COMMON   BANK0   BANK1   BANK3   BANK2
      Params:         0       4       0       0       0
      Locals:         2       0       0       0       0
      Temps:          0      12       0       0       0
      Totals:         2      16       0       0       0
Total ram usage:       18 bytes
 Hardware stack levels used:    1
 Hardware stack levels required when called:    1
 This function calls:
		___aldiv
 This function is called by:
		_main
 This function uses a non-reentrant model


 *************** function ___aldiv *****************
 Defined at:
		line 6 in file "C:\Program Files (x86)\Microchip\xc8\v1.33\sources\common\aldiv.c"
 Parameters:    Size  Location     Type
  divisor         4    0[COMMON] long 
  dividend        4    4[COMMON] long 
 Auto vars:     Size  Location     Type
  quotient        4    2[BANK0 ] long 
  sign            1    1[BANK0 ] unsigned char 
  counter         1    0[BANK0 ] unsigned char 
 Return value:  Size  Location     Type
                  4    0[COMMON] long 
 Registers used:
		wreg, status,2, status,0
 Tracked objects:
		On entry : 
		On exit  : 
		Unchanged: 
 Data sizes:     COMMON   BANK0   BANK1   BANK3   BANK2
      Params:         8       0       0       0       0
      Locals:         0       6       0       0       0
      Temps:          1       0       0       0       0
      Totals:         9       6       0       0       0
Total ram usage:       15 bytes
 Hardware stack levels used:    1
 This function calls:
		Nothing
 This function is called by:
		_UART_Init
 This function uses a non-reentrant model


 *************** function _I2C_init *****************
 Defined at:
		line 229 in file "Masterst.c"
 Parameters:    Size  Location     Type
		None
 Auto vars:     Size  Location     Type
		None
 Return value:  Size  Location     Type
		None               void
 Registers used:
		wreg, status,2, status,0
 Tracked objects:
		On entry : 
		On exit  : 
		Unchanged: 
 Data sizes:     COMMON   BANK0   BANK1   BANK3   BANK2
      Params:         0       0       0       0       0
      Locals:         0       0       0       0       0
      Temps:          1       0       0       0       0
      Totals:         1       0       0       0       0
Total ram usage:        1 bytes
 Hardware stack levels used:    1
 This function calls:
		Nothing
 This function is called by:
		_main
 This function uses a non-reentrant model


 *************** function _I2C_address_send2 *****************
 Defined at:
		line 310 in file "Masterst.c"
 Parameters:    Size  Location     Type
		None
 Auto vars:     Size  Location     Type
		None
 Return value:  Size  Location     Type
                  1    wreg      unsigned char 
 Registers used:
		wreg, status,2
 Tracked objects:
		On entry : 
		On exit  : 
		Unchanged: 
 Data sizes:     COMMON   BANK0   BANK1   BANK3   BANK2
      Params:         0       0       0       0       0
      Locals:         0       0       0       0       0
      Temps:          0       0       0       0       0
      Totals:         0       0       0       0       0
Total ram usage:        0 bytes
 Hardware stack levels used:    1
 This function calls:
		Nothing
 This function is called by:
		_main
 This function uses a non-reentrant model


 *************** function _I2C_address_send1 *****************
 Defined at:
		line 296 in file "Masterst.c"
 Parameters:    Size  Location     Type
		None
 Auto vars:     Size  Location     Type
		None
 Return value:  Size  Location     Type
                  1    wreg      unsigned char 
 Registers used:
		wreg, status,2
 Tracked objects:
		On entry : 
		On exit  : 
		Unchanged: 
 Data sizes:     COMMON   BANK0   BANK1   BANK3   BANK2
      Params:         0       0       0       0       0
      Locals:         0       0       0       0       0
      Temps:          0       0       0       0       0
      Totals:         0       0       0       0       0
Total ram usage:        0 bytes
 Hardware stack levels used:    1
 This function calls:
		Nothing
 This function is called by:
		_main
 This function uses a non-reentrant model


 *************** function _I2C_address_send *****************
 Defined at:
		line 282 in file "Masterst.c"
 Parameters:    Size  Location     Type
		None
 Auto vars:     Size  Location     Type
		None
 Return value:  Size  Location     Type
                  1    wreg      unsigned char 
 Registers used:
		wreg, status,2
 Tracked objects:
		On entry : 
		On exit  : 
		Unchanged: 
 Data sizes:     COMMON   BANK0   BANK1   BANK3   BANK2
      Params:         0       0       0       0       0
      Locals:         0       0       0       0       0
      Temps:          0       0       0       0       0
      Totals:         0       0       0       0       0
Total ram usage:        0 bytes
 Hardware stack levels used:    1
 This function calls:
		Nothing
 This function is called by:
		_main
 This function uses a non-reentrant model


 *************** function _I2C_Write_Text *****************
 Defined at:
		line 275 in file "Masterst.c"
 Parameters:    Size  Location     Type
  s               1    wreg     PTR const unsigned char 
		 -> NULL(0), UART_Read_Text@string(20), 
 Auto vars:     Size  Location     Type
  s               1   12[COMMON] PTR const unsigned char 
		 -> NULL(0), UART_Read_Text@string(20), 
  i               2   10[COMMON] int 
 Return value:  Size  Location     Type
		None               void
 Registers used:
		wreg, fsr0l, fsr0h, status,2, status,0, btemp+1, pclath, cstack
 Tracked objects:
		On entry : 
		On exit  : 
		Unchanged: 
 Data sizes:     COMMON   BANK0   BANK1   BANK3   BANK2
      Params:         0       0       0       0       0
      Locals:         3       0       0       0       0
      Temps:          1       0       0       0       0
      Totals:         4       0       0       0       0
Total ram usage:        4 bytes
 Hardware stack levels used:    1
 Hardware stack levels required when called:    3
 This function calls:
		_I2C_Write
 This function is called by:
		_main
 This function uses a non-reentrant model


 *************** function _I2C_Write *****************
 Defined at:
		line 265 in file "Masterst.c"
 Parameters:    Size  Location     Type
  Data            1    wreg     unsigned char 
 Auto vars:     Size  Location     Type
  Data            1    8[COMMON] unsigned char 
 Return value:  Size  Location     Type
		None               void
 Registers used:
		wreg, fsr0l, fsr0h, status,2, status,0, btemp+1, pclath, cstack
 Tracked objects:
		On entry : 
		On exit  : 
		Unchanged: 
 Data sizes:     COMMON   BANK0   BANK1   BANK3   BANK2
      Params:         0       0       0       0       0
      Locals:         1       0       0       0       0
      Temps:          0       0       0       0       0
      Totals:         1       0       0       0       0
Total ram usage:        1 bytes
 Hardware stack levels used:    1
 Hardware stack levels required when called:    2
 This function calls:
		_UART_Write_Text
 This function is called by:
		_main
		_I2C_Write_Text
 This function uses a non-reentrant model


 *************** function _UART_Write_Text *****************
 Defined at:
		line 387 in file "Masterst.c"
 Parameters:    Size  Location     Type
  text            2    1[COMMON] PTR const unsigned char 
		 -> NULL(0), UART_Read_Text@string(20), STR_16(12), STR_15(17), 
		 -> STR_14(36), STR_13(27), STR_12(54), STR_9(38), 
		 -> STR_8(38), STR_7(38), STR_6(21), STR_5(21), 
		 -> STR_4(20), STR_3(97), STR_2(24), STR_1(50), 
 Auto vars:     Size  Location     Type
  i               2    6[COMMON] int 
 Return value:  Size  Location     Type
		None               void
 Registers used:
		wreg, fsr0l, fsr0h, status,2, status,0, btemp+1, pclath, cstack
 Tracked objects:
		On entry : 
		On exit  : 
		Unchanged: 
 Data sizes:     COMMON   BANK0   BANK1   BANK3   BANK2
      Params:         2       0       0       0       0
      Locals:         2       0       0       0       0
      Temps:          3       0       0       0       0
      Totals:         7       0       0       0       0
Total ram usage:        7 bytes
 Hardware stack levels used:    1
 Hardware stack levels required when called:    1
 This function calls:
		_UART_Write
 This function is called by:
		_main
		_I2C_Write
		_UART_Read_Text
 This function uses a non-reentrant model


 *************** function _UART_Write *****************
 Defined at:
		line 375 in file "Masterst.c"
 Parameters:    Size  Location     Type
  data            1    wreg     unsigned char 
 Auto vars:     Size  Location     Type
  data            1    0[COMMON] unsigned char 
 Return value:  Size  Location     Type
		None               void
 Registers used:
		wreg
 Tracked objects:
		On entry : 
		On exit  : 
		Unchanged: 
 Data sizes:     COMMON   BANK0   BANK1   BANK3   BANK2
      Params:         0       0       0       0       0
      Locals:         1       0       0       0       0
      Temps:          0       0       0       0       0
      Totals:         1       0       0       0       0
Total ram usage:        1 bytes
 Hardware stack levels used:    1
 This function calls:
		Nothing
 This function is called by:
		_main
		_UART_Write_Text
 This function uses a non-reentrant model


 *************** function _I2C_Stop *****************
 Defined at:
		line 255 in file "Masterst.c"
 Parameters:    Size  Location     Type
		None
 Auto vars:     Size  Location     Type
		None
 Return value:  Size  Location     Type
		None               void
 Registers used:
		None
 Tracked objects:
		On entry : 
		On exit  : 
		Unchanged: 
 Data sizes:     COMMON   BANK0   BANK1   BANK3   BANK2
      Params:         0       0       0       0       0
      Locals:         0       0       0       0       0
      Temps:          0       0       0       0       0
      Totals:         0       0       0       0       0
Total ram usage:        0 bytes
 Hardware stack levels used:    1
 This function calls:
		Nothing
 This function is called by:
		_main
 This function uses a non-reentrant model


 *************** function _I2C_Start *****************
 Defined at:
		line 244 in file "Masterst.c"
 Parameters:    Size  Location     Type
		None
 Auto vars:     Size  Location     Type
		None
 Return value:  Size  Location     Type
		None               void
 Registers used:
		None
 Tracked objects:
		On entry : 
		On exit  : 
		Unchanged: 
 Data sizes:     COMMON   BANK0   BANK1   BANK3   BANK2
      Params:         0       0       0       0       0
      Locals:         0       0       0       0       0
      Temps:          0       0       0       0       0
      Totals:         0       0       0       0       0
Total ram usage:        0 bytes
 Hardware stack levels used:    1
 This function calls:
		Nothing
 This function is called by:
		_main
 This function uses a non-reentrant model



MODULE INFORMATION

Module		Function		Class		Link	Load	Size
Masterst.c
		_I2C_init      		CODE           	03E7	0000	20
		_UART_Read     		CODE           	037E	0000	6
		_UART_Init     		CODE           	0553	0000	241
		_main          		CODE           	0644	0000	432
		_I2C_Write     		CODE           	03D4	0000	19
		_UART_Write_Tex		CODE           	0487	0000	61
		_UART_Read_Text		CODE           	045C	0000	43
		_i2c_idle      		CODE           	039E	0000	9
		_I2C_address_se		CODE           	0411	0000	22
		_I2C_address_se		CODE           	0427	0000	22
		_I2C_Stop      		CODE           	0395	0000	9
		_I2C_Write_Text		CODE           	043D	0000	31
		_delay_ms      		CODE           	03C4	0000	16
		_UART_Write    		CODE           	03A7	0000	14
		_I2C_Start     		CODE           	038C	0000	9
		_delay1ms      		CODE           	03B5	0000	15
		_I2C_address_se		CODE           	03FB	0000	22

Masterst.c estimated size: 991

shared
		__stringtab    		STRING         	0003	0000	18
		__stringdata   		STRCODE        	0800	0000	524
		__initializatio		CODE           	07F4	0000	8

shared estimated size: 550

C:\Program Files (x86)\Microchip\xc8\v1.33\sources\common\aldiv.c
		___aldiv       		CODE           	04C4	0000	143

C:\Program Files (x86)\Microchip\xc8\v1.33\sources\common\aldiv.c estimated size: 143

